
Discarded input sections

 .text          0x00000000        0x0 C:\msys64\tmp\ccPYBBLT.ltrans0.ltrans.o
 .data          0x00000000        0x0 C:\msys64\tmp\ccPYBBLT.ltrans0.ltrans.o
 .comment       0x00000000       0x47 C:\msys64\tmp\ccBEjlJs.debug.temp.o
 .text          0x00000000        0x0 ./build/cr_startup_lpc21.o
 .data          0x00000000        0x0 ./build/cr_startup_lpc21.o
 .bss           0x00000000        0x0 ./build/cr_startup_lpc21.o
 .ARM.attributes
                0x00000000       0x1a ./build/cr_startup_lpc21.o

Memory Configuration

Name             Origin             Length             Attributes
flash            0x00000000         0x00080000
ram_isp_low      0x40000120         0x000000e0         a
ram              0x40000200         0x00007de0
ram_isp_high     0x40007fe0         0x00000020         a
ram_usb_dma      0x7fd00000         0x00002000
*default*        0x00000000         0xffffffff

Linker script and memory map

LOAD ./build/main.o
LOAD C:\msys64\tmp\ccPYBBLT.ltrans0.ltrans.o
LOAD C:\msys64\tmp\ccBEjlJs.debug.temp.o
LOAD ./build/cr_startup_lpc21.o
                0x40007edc                        _stack_end = 0x40007edc
                0x00000000                        . = 0x0

startup
 *(startup)

romtext         0x00000000        0x0
 *(.text)
 *(.rodata)
 *(.rodata*)
 *(.glue_7)
 .glue_7        0x00000000        0x0 linker stubs
 *(.glue_7t)
 .glue_7t       0x00000000        0x0 linker stubs
                0x00000000                        _etext = .

.vfp11_veneer   0x00000000        0x0
 .vfp11_veneer  0x00000000        0x0 linker stubs

.v4_bx          0x00000000        0x0
 .v4_bx         0x00000000        0x0 linker stubs

.text.startup   0x00000000       0x40
 .text.startup  0x00000000       0x40 C:\msys64\tmp\ccPYBBLT.ltrans0.ltrans.o
                0x00000000                main

.iplt           0x00000040        0x0
 .iplt          0x00000040        0x0 C:\msys64\tmp\ccPYBBLT.ltrans0.ltrans.o

.igot.plt       0x00000040        0x0
 .igot.plt      0x00000040        0x0 C:\msys64\tmp\ccPYBBLT.ltrans0.ltrans.o

.rel.dyn        0x00000040        0x0
 .rel.iplt      0x00000040        0x0 C:\msys64\tmp\ccPYBBLT.ltrans0.ltrans.o

rompersist      0x40000200        0x0
                0x40000200                        _persist = .
 *(.persist)
                0x40000200                        _persist_end = .

romdata         0x40000200        0x0 load address 0x00000040
                0x40000200                        _data = .
 *(.data)
                0x40000200                        _edata = .

rombss          0x40000200        0x4 load address 0x00000040
                0x40000200                        _bss_start = .
 *(.bss)
 .bss           0x40000200        0x4 C:\msys64\tmp\ccPYBBLT.ltrans0.ltrans.o
 *(COMMON)
                0x40000204                        . = ALIGN (0x4)
                0x40000204                        _bss_end = .
                0x40000204                        _end = .
                [!provide]                        PROVIDE (end = .)
OUTPUT(./build/lpc2148-rom.elf elf32-littlearm)
LOAD linker stubs

.debug_info     0x00000000       0xb0
 .debug_info    0x00000000       0x57 C:\msys64\tmp\ccPYBBLT.ltrans0.ltrans.o
 .debug_info    0x00000057       0x59 C:\msys64\tmp\ccBEjlJs.debug.temp.o
                0x00000057                main.c.e1bec1fb

.debug_abbrev   0x00000000       0xac
 .debug_abbrev  0x00000000       0x42 C:\msys64\tmp\ccPYBBLT.ltrans0.ltrans.o
 .debug_abbrev  0x00000042       0x6a C:\msys64\tmp\ccBEjlJs.debug.temp.o

.debug_aranges  0x00000000       0x20
 .debug_aranges
                0x00000000       0x20 C:\msys64\tmp\ccPYBBLT.ltrans0.ltrans.o

.debug_rnglists
                0x00000000       0x22
 .debug_rnglists
                0x00000000       0x22 C:\msys64\tmp\ccPYBBLT.ltrans0.ltrans.o

.debug_line     0x00000000       0xea
 .debug_line    0x00000000       0xb0 C:\msys64\tmp\ccPYBBLT.ltrans0.ltrans.o
 .debug_line    0x000000b0       0x3a C:\msys64\tmp\ccBEjlJs.debug.temp.o

.debug_str      0x00000000      0x1b8
 .debug_str     0x00000000      0x1b8 C:\msys64\tmp\ccPYBBLT.ltrans0.ltrans.o
                                 0xda (size before relaxing)
 .debug_str     0x000001b8      0x100 C:\msys64\tmp\ccBEjlJs.debug.temp.o

.comment        0x00000000       0x46
 .comment       0x00000000       0x46 C:\msys64\tmp\ccPYBBLT.ltrans0.ltrans.o
                                 0x47 (size before relaxing)

.ARM.attributes
                0x00000000       0x26
 .ARM.attributes
                0x00000000       0x28 C:\msys64\tmp\ccPYBBLT.ltrans0.ltrans.o

.isr_vector     0x00000000      0x1e8
 .isr_vector    0x00000000      0x1e8 ./build/cr_startup_lpc21.o
                0x00000000                _boot
                0x000000c4                _mainCRTStartup
                0x000000c4                _start
                0x000000c4                start
                0x000001c4                _reset
                0x000001c4                reset

.debug_frame    0x00000000       0x20
 .debug_frame   0x00000000       0x20 C:\msys64\tmp\ccPYBBLT.ltrans0.ltrans.o

.debug_line_str
                0x00000000       0x31
 .debug_line_str
                0x00000000       0x31 C:\msys64\tmp\ccBEjlJs.debug.temp.o
                                 0x38 (size before relaxing)
