
Discarded input sections

 .text          0x00000000        0x0 C:\msys64\tmp\cc6tdg0j.ltrans0.ltrans.o
 .data          0x00000000        0x0 C:\msys64\tmp\cc6tdg0j.ltrans0.ltrans.o
 .comment       0x00000000       0x47 C:\msys64\tmp\cco9RwaJ.debug.temp.o
 .text          0x00000000        0x0 ./build/cr_startup_lpc21.o
 .data          0x00000000        0x0 ./build/cr_startup_lpc21.o
 .bss           0x00000000        0x0 ./build/cr_startup_lpc21.o
 .ARM.attributes
                0x00000000       0x1a ./build/cr_startup_lpc21.o

Memory Configuration

Name             Origin             Length             Attributes
ROM              0x00000000         0x00080000         xr
RAM              0x40000000         0x00008000         rw
*default*        0x00000000         0xffffffff

Linker script and memory map

LOAD ./build/main.o
LOAD C:\msys64\tmp\cc6tdg0j.ltrans0.ltrans.o
LOAD C:\msys64\tmp\cco9RwaJ.debug.temp.o
LOAD ./build/cr_startup_lpc21.o
                0x00000400                        STACK_SIZE = 0x400

.text           0x00000000        0x0
 *crt0.o(.text)
 *(.text)
 *(.rodata)
 *(.rodata*)
 *(.glue_7)
 .glue_7        0x00000000        0x0 linker stubs
 *(.glue_7t)
 .glue_7t       0x00000000        0x0 linker stubs

.vfp11_veneer   0x00000000        0x0
 .vfp11_veneer  0x00000000        0x0 linker stubs

.v4_bx          0x00000000        0x0
 .v4_bx         0x00000000        0x0 linker stubs

.text.startup   0x00000000       0x40
 .text.startup  0x00000000       0x40 C:\msys64\tmp\cc6tdg0j.ltrans0.ltrans.o
                0x00000000                main

.iplt           0x00000040        0x0
 .iplt          0x00000040        0x0 C:\msys64\tmp\cc6tdg0j.ltrans0.ltrans.o

.rel.dyn        0x00000040        0x0
 .rel.iplt      0x00000040        0x0 C:\msys64\tmp\cc6tdg0j.ltrans0.ltrans.o
                0x00000040                        . = ALIGN (0x4)

.ctors          0x00000040        0x0
                [!provide]                        PROVIDE (__ctors_start__ = .)
 *(SORT_BY_NAME(.ctors.*))
 *(.ctors)
                [!provide]                        PROVIDE (__ctors_end__ = .)

.dtors          0x00000040        0x0
                [!provide]                        PROVIDE (__dtors_start__ = .)
 *(SORT_BY_NAME(.dtors.*))
 *(.dtors)
                [!provide]                        PROVIDE (__dtors_end__ = .)
                0x00000040                        . = ALIGN (0x4)
                0x00000040                        _etext = .
                [!provide]                        PROVIDE (etext = .)

.data           0x40000000        0x0 load address 0x00000040
                0x40000000                        _data = .
 *(.data)

.igot.plt       0x40000000        0x0
 .igot.plt      0x40000000        0x0 C:\msys64\tmp\cc6tdg0j.ltrans0.ltrans.o
                0x40000000                        . = ALIGN (0x4)
                0x40000000                        _edata = .
                [!provide]                        PROVIDE (edata = .)

.bss            0x40000000        0x4
                0x40000000                        __bss_start = .
                0x40000000                        __bss_start__ = .
 *(.bss)
 .bss           0x40000000        0x4 C:\msys64\tmp\cc6tdg0j.ltrans0.ltrans.o
 *(COMMON)
                0x40000004                        . = ALIGN (0x4)
                0x40000004                        . = ALIGN (0x4)
                0x40000004                        __bss_end__ = .
                [!provide]                        PROVIDE (__bss_end = .)

.stack          0x40000004      0x4fc
                0x40000100                        . = ALIGN (0x100)
 *fill*         0x40000004       0xfc 
                0x40000500                        . = (. + STACK_SIZE)
 *fill*         0x40000100      0x400 
                [!provide]                        PROVIDE (_stack = .)
                0x40000500                        _end = .
                [!provide]                        PROVIDE (end = .)

.stab
 *(.stab)

.stabstr
 *(.stabstr)

.stab.excl
 *(.stab.excl)

.stab.exclstr
 *(.stab.exclstr)

.stab.index
 *(.stab.index)

.stab.indexstr
 *(.stab.indexstr)

.comment        0x00000000       0x46
 *(.comment)
 .comment       0x00000000       0x46 C:\msys64\tmp\cc6tdg0j.ltrans0.ltrans.o
                                 0x47 (size before relaxing)

.ARM.attributes
                0x00000000       0x26
 .ARM.attributes
                0x00000000       0x28 C:\msys64\tmp\cc6tdg0j.ltrans0.ltrans.o

.isr_vector     0x00000000      0x1e8
 .isr_vector    0x00000000      0x1e8 ./build/cr_startup_lpc21.o
                0x00000000                _boot
                0x000000c4                _mainCRTStartup
                0x000000c4                _start
                0x000000c4                start
                0x000001c4                _reset
                0x000001c4                reset

.debug
 *(.debug)

.line
 *(.line)

.debug_srcinfo
 *(.debug_srcinfo)

.debug_sfnames
 *(.debug_sfnames)

.debug_aranges  0x00000000       0x20
 *(.debug_aranges)
 .debug_aranges
                0x00000000       0x20 C:\msys64\tmp\cc6tdg0j.ltrans0.ltrans.o

.debug_pubnames
 *(.debug_pubnames)

.debug_info     0x00000000       0xb0
 *(.debug_info .gnu.linkonce.wi.*)
 .debug_info    0x00000000       0x57 C:\msys64\tmp\cc6tdg0j.ltrans0.ltrans.o
 .debug_info    0x00000057       0x59 C:\msys64\tmp\cco9RwaJ.debug.temp.o
                0x00000057                main.c.e1bec1fb

.debug_abbrev   0x00000000       0xac
 *(.debug_abbrev)
 .debug_abbrev  0x00000000       0x42 C:\msys64\tmp\cc6tdg0j.ltrans0.ltrans.o
 .debug_abbrev  0x00000042       0x6a C:\msys64\tmp\cco9RwaJ.debug.temp.o

.debug_line     0x00000000       0xea
 *(.debug_line)
 .debug_line    0x00000000       0xb0 C:\msys64\tmp\cc6tdg0j.ltrans0.ltrans.o
 .debug_line    0x000000b0       0x3a C:\msys64\tmp\cco9RwaJ.debug.temp.o

.debug_frame    0x00000000       0x20
 *(.debug_frame)
 .debug_frame   0x00000000       0x20 C:\msys64\tmp\cc6tdg0j.ltrans0.ltrans.o

.debug_str      0x00000000      0x1b8
 *(.debug_str)
 .debug_str     0x00000000      0x1b8 C:\msys64\tmp\cc6tdg0j.ltrans0.ltrans.o
                                 0xda (size before relaxing)
 .debug_str     0x000001b8      0x100 C:\msys64\tmp\cco9RwaJ.debug.temp.o

.debug_loc
 *(.debug_loc)

.debug_macinfo
 *(.debug_macinfo)

.debug_weaknames
 *(.debug_weaknames)

.debug_funcnames
 *(.debug_funcnames)

.debug_typenames
 *(.debug_typenames)

.debug_varnames
 *(.debug_varnames)
OUTPUT(./build/lpc2148.elf elf32-littlearm)
LOAD linker stubs

.debug_rnglists
                0x00000000       0x22
 .debug_rnglists
                0x00000000       0x22 C:\msys64\tmp\cc6tdg0j.ltrans0.ltrans.o

.debug_line_str
                0x00000000       0x31
 .debug_line_str
                0x00000000       0x31 C:\msys64\tmp\cco9RwaJ.debug.temp.o
                                 0x38 (size before relaxing)
