Archive member included to satisfy reference by file (symbol)

C:/Users/lapto/Downloads/arm-gnu-toolchain-14.3.rel1-mingw-w64-x86_64-arm-none-eabi/bin/../lib/gcc/arm-none-eabi/14.3.1/../../../../arm-none-eabi/lib\libc_nano.a(libc_a-nano-vfprintf_float.o)
                              (_printf_float)
C:/Users/lapto/Downloads/arm-gnu-toolchain-14.3.rel1-mingw-w64-x86_64-arm-none-eabi/bin/../lib/gcc/arm-none-eabi/14.3.1/../../../../arm-none-eabi/lib\libc_nano.a(libc_a-nano-vfprintf_i.o)
                              C:/Users/lapto/Downloads/arm-gnu-toolchain-14.3.rel1-mingw-w64-x86_64-arm-none-eabi/bin/../lib/gcc/arm-none-eabi/14.3.1/../../../../arm-none-eabi/lib\libc_nano.a(libc_a-nano-vfprintf_float.o) (_printf_common)
C:/Users/lapto/Downloads/arm-gnu-toolchain-14.3.rel1-mingw-w64-x86_64-arm-none-eabi/bin/../lib/gcc/arm-none-eabi/14.3.1/../../../../arm-none-eabi/lib\libc_nano.a(libc_a-nano-vfscanf_float.o)
                              (_scanf_float)
C:/Users/lapto/Downloads/arm-gnu-toolchain-14.3.rel1-mingw-w64-x86_64-arm-none-eabi/bin/../lib/gcc/arm-none-eabi/14.3.1/../../../../arm-none-eabi/lib\libc_nano.a(libc_a-sprintf.o)
                              C:/Users/lapto/Downloads/arm-gnu-toolchain-14.3.rel1-mingw-w64-x86_64-arm-none-eabi/bin/../lib/gcc/arm-none-eabi/14.3.1/../../../../arm-none-eabi/lib\libc_nano.a(libc_a-nano-vfscanf_float.o) (sprintf)
C:/Users/lapto/Downloads/arm-gnu-toolchain-14.3.rel1-mingw-w64-x86_64-arm-none-eabi/bin/../lib/gcc/arm-none-eabi/14.3.1/../../../../arm-none-eabi/lib\libc_nano.a(libc_a-localeconv.o)
                              C:/Users/lapto/Downloads/arm-gnu-toolchain-14.3.rel1-mingw-w64-x86_64-arm-none-eabi/bin/../lib/gcc/arm-none-eabi/14.3.1/../../../../arm-none-eabi/lib\libc_nano.a(libc_a-nano-vfprintf_float.o) (_localeconv_r)
C:/Users/lapto/Downloads/arm-gnu-toolchain-14.3.rel1-mingw-w64-x86_64-arm-none-eabi/bin/../lib/gcc/arm-none-eabi/14.3.1/../../../../arm-none-eabi/lib\libc_nano.a(libc_a-impure.o)
                              C:/Users/lapto/Downloads/arm-gnu-toolchain-14.3.rel1-mingw-w64-x86_64-arm-none-eabi/bin/../lib/gcc/arm-none-eabi/14.3.1/../../../../arm-none-eabi/lib\libc_nano.a(libc_a-sprintf.o) (_impure_ptr)
C:/Users/lapto/Downloads/arm-gnu-toolchain-14.3.rel1-mingw-w64-x86_64-arm-none-eabi/bin/../lib/gcc/arm-none-eabi/14.3.1/../../../../arm-none-eabi/lib\libc_nano.a(libc_a-memchr-stub.o)
                              C:/Users/lapto/Downloads/arm-gnu-toolchain-14.3.rel1-mingw-w64-x86_64-arm-none-eabi/bin/../lib/gcc/arm-none-eabi/14.3.1/../../../../arm-none-eabi/lib\libc_nano.a(libc_a-nano-vfprintf_i.o) (memchr)
C:/Users/lapto/Downloads/arm-gnu-toolchain-14.3.rel1-mingw-w64-x86_64-arm-none-eabi/bin/../lib/gcc/arm-none-eabi/14.3.1/../../../../arm-none-eabi/lib\libc_nano.a(libc_a-strlen.o)
                              C:/Users/lapto/Downloads/arm-gnu-toolchain-14.3.rel1-mingw-w64-x86_64-arm-none-eabi/bin/../lib/gcc/arm-none-eabi/14.3.1/../../../../arm-none-eabi/lib\libc_nano.a(libc_a-nano-vfprintf_float.o) (strlen)
C:/Users/lapto/Downloads/arm-gnu-toolchain-14.3.rel1-mingw-w64-x86_64-arm-none-eabi/bin/../lib/gcc/arm-none-eabi/14.3.1/../../../../arm-none-eabi/lib\libc_nano.a(libm_a-sf_nan.o)
                              C:/Users/lapto/Downloads/arm-gnu-toolchain-14.3.rel1-mingw-w64-x86_64-arm-none-eabi/bin/../lib/gcc/arm-none-eabi/14.3.1/../../../../arm-none-eabi/lib\libc_nano.a(libc_a-nano-vfscanf_float.o) (nanf)
C:/Users/lapto/Downloads/arm-gnu-toolchain-14.3.rel1-mingw-w64-x86_64-arm-none-eabi/bin/../lib/gcc/arm-none-eabi/14.3.1/../../../../arm-none-eabi/lib\libc_nano.a(libc_a-dtoa.o)
                              C:/Users/lapto/Downloads/arm-gnu-toolchain-14.3.rel1-mingw-w64-x86_64-arm-none-eabi/bin/../lib/gcc/arm-none-eabi/14.3.1/../../../../arm-none-eabi/lib\libc_nano.a(libc_a-nano-vfprintf_float.o) (_dtoa_r)
C:/Users/lapto/Downloads/arm-gnu-toolchain-14.3.rel1-mingw-w64-x86_64-arm-none-eabi/bin/../lib/gcc/arm-none-eabi/14.3.1/../../../../arm-none-eabi/lib\libc_nano.a(libc_a-malloc.o)
                              C:/Users/lapto/Downloads/arm-gnu-toolchain-14.3.rel1-mingw-w64-x86_64-arm-none-eabi/bin/../lib/gcc/arm-none-eabi/14.3.1/../../../../arm-none-eabi/lib\libc_nano.a(libc_a-dtoa.o) (malloc)
C:/Users/lapto/Downloads/arm-gnu-toolchain-14.3.rel1-mingw-w64-x86_64-arm-none-eabi/bin/../lib/gcc/arm-none-eabi/14.3.1/../../../../arm-none-eabi/lib\libc_nano.a(libc_a-mallocr.o)
                              C:/Users/lapto/Downloads/arm-gnu-toolchain-14.3.rel1-mingw-w64-x86_64-arm-none-eabi/bin/../lib/gcc/arm-none-eabi/14.3.1/../../../../arm-none-eabi/lib\libc_nano.a(libc_a-malloc.o) (_malloc_r)
C:/Users/lapto/Downloads/arm-gnu-toolchain-14.3.rel1-mingw-w64-x86_64-arm-none-eabi/bin/../lib/gcc/arm-none-eabi/14.3.1/../../../../arm-none-eabi/lib\libc_nano.a(libc_a-mlock.o)
[...]
Memory Configuration

Name             Origin             Length             Attributes
MFlash128        0x00000000         0x00020000         xr
Ram16            0x40000000         0x00004000         xrw
*default*        0x00000000         0xffffffff

Linker script and memory map

LOAD ./build/main.o
LOAD C:\msys64\tmp\ccrkab4c.ltrans0.ltrans.o
LOAD C:\msys64\tmp\cc9NuyGj.debug.temp.o
LOAD ./build/cr_startup_lpc21.o
START GROUP
LOAD C:/Users/lapto/Downloads/arm-gnu-toolchain-14.3.rel1-mingw-w64-x86_64-arm-none-eabi/bin/../lib/gcc/arm-none-eabi/14.3.1\libgcc.a
LOAD C:/Users/lapto/Downloads/arm-gnu-toolchain-14.3.rel1-mingw-w64-x86_64-arm-none-eabi/bin/../lib/gcc/arm-none-eabi/14.3.1/../../../../arm-none-eabi/lib\libc_nano.a
LOAD C:/Users/lapto/Downloads/arm-gnu-toolchain-14.3.rel1-mingw-w64-x86_64-arm-none-eabi/bin/../lib/gcc/arm-none-eabi/14.3.1/../../../../arm-none-eabi/lib\libm.a
LOAD C:/Users/lapto/Downloads/arm-gnu-toolchain-14.3.rel1-mingw-w64-x86_64-arm-none-eabi/bin/../lib/gcc/arm-none-eabi/14.3.1/../../../../arm-none-eabi/lib\libnosys.a
END GROUP
                0x00020000                        __top_MFlash128 = 0x20000
                0x40004000                        __top_Ram16 = 0x40004000

.text           0x00000000      0x1fc
 FILL mask 0xff
                0x00000000                        __vectors_start__ = ABSOLUTE (.)
 *(.isr_vector)
 .isr_vector    0x00000000      0x1e8 ./build/cr_startup_lpc21.o
                0x00000000                _boot
                0x000000c4                _mainCRTStartup
                0x000000c4                _start
                0x000000c4                start
                0x000001c4                _reset
                0x000001c4                reset
                0x000001e8                        . = ALIGN (0x4)
                0x000001e8                        __section_table_start = .
                0x000001e8                        __data_section_table = .
                0x000001e8        0x4 LONG 0x8784 LOADADDR (.data)
                0x000001ec        0x4 LONG 0x40000000 ADDR (.data)
                0x000001f0        0x4 LONG 0x1c8 SIZEOF (.data)
                0x000001f4                        __data_section_table_end = .
                0x000001f4                        __bss_section_table = .
                0x000001f4        0x4 LONG 0x400001c8 ADDR (.bss)
                0x000001f8        0x4 LONG 0x154 SIZEOF (.bss)
                0x000001fc                        __bss_section_table_end = .
                0x000001fc                        __section_table_end = .
 *(.after_vectors*)
                0x000001fc                        . = 0x1fc
                [!provide]                        PROVIDE (__CRP_WORD_START__ = .)
 *(.crp)
                [!provide]                        PROVIDE (__CRP_WORD_END__ = .)

.glue_7         0x000001fc        0x0
 .glue_7        0x000001fc        0x0 linker stubs

.glue_7t        0x000001fc        0x0
 .glue_7t       0x000001fc        0x0 linker stubs

.vfp11_veneer   0x000001fc        0x0
 .vfp11_veneer  0x000001fc        0x0 linker stubs

.v4_bx          0x000001fc        0x0
 .v4_bx         0x000001fc        0x0 linker stubs

.iplt           0x000001fc        0x0
 .iplt          0x000001fc        0x0 C:/Users/lapto/Downloads/arm-gnu-toolchain-14.3.rel1-mingw-w64-x86_64-arm-none-eabi/bin/../lib/gcc/arm-none-eabi/14.3.1/../../../../arm-none-eabi/lib\libc_nano.a(libc_a-nano-vfprintf_float.o)

.text           0x00000200     0x8584
 *(.text*)
 .text.startup  0x00000200       0x40 C:\msys64\tmp\ccrkab4c.ltrans0.ltrans.o
                0x00000200                main
 .text.__cvt    0x00000240      0x140 C:/Users/lapto/Downloads/arm-gnu-toolchain-14.3.rel1-mingw-w64-x86_64-arm-none-eabi/bin/../lib/gcc/arm-none-eabi/14.3.1/../../../../arm-none-eabi/lib\libc_nano.a(libc_a-nano-vfprintf_float.o)
                0x00000240                __cvt
 .text.__exponent
                0x00000380       0xd0 C:/Users/lapto/Downloads/arm-gnu-toolchain-14.3.rel1-mingw-w64-x86_64-arm-none-eabi/bin/../lib/gcc/arm-none-eabi/14.3.1/../../../../arm-none-eabi/lib\libc_nano.a(libc_a-nano-vfprintf_float.o)
                0x00000380                __exponent
 .text._printf_float
                0x00000450      0x74c C:/Users/lapto/Downloads/arm-gnu-toolchain-14.3.rel1-mingw-w64-x86_64-arm-none-eabi/bin/../lib/gcc/arm-none-eabi/14.3.1/../../../../arm-none-eabi/lib\libc_nano.a(libc_a-nano-vfprintf_float.o)
                0x00000450                _printf_float
 .text._printf_common
                0x00000b9c      0x170 C:/Users/lapto/Downloads/arm-gnu-toolchain-14.3.rel1-mingw-w64-x86_64-arm-none-eabi/bin/../lib/gcc/arm-none-eabi/14.3.1/../../../../arm-none-eabi/lib\libc_nano.a(libc_a-nano-vfprintf_i.o)
                0x00000b9c                _printf_common
 .text._printf_i
                0x00000d0c      0x350 C:/Users/lapto/Downloads/arm-gnu-toolchain-14.3.rel1-mingw-w64-x86_64-arm-none-eabi/bin/../lib/gcc/arm-none-eabi/14.3.1/../../../../arm-none-eabi/lib\libc_nano.a(libc_a-nano-vfprintf_i.o)
                0x00000d0c                _printf_i
 .text._scanf_float
                0x0000105c      0x5e0 C:/Users/lapto/Downloads/arm-gnu-toolchain-14.3.rel1-mingw-w64-x86_64-arm-none-eabi/bin/../lib/gcc/arm-none-eabi/14.3.1/../../../../arm-none-eabi/lib\libc_nano.a(libc_a-nano-vfscanf_float.o)
                0x0000105c                _scanf_float
 .text.sprintf  0x0000163c       0x6c C:/Users/lapto/Downloads/arm-gnu-toolchain-14.3.rel1-mingw-w64-x86_64-arm-none-eabi/bin/../lib/gcc/arm-none-eabi/14.3.1/../../../../arm-none-eabi/lib\libc_nano.a(libc_a-sprintf.o)
                0x0000163c                siprintf
                0x0000163c                sprintf
 .text._localeconv_r
                0x000016a8        0xc C:/Users/lapto/Downloads/arm-gnu-toolchain-14.3.rel1-mingw-w64-x86_64-arm-none-eabi/bin/../lib/gcc/arm-none-eabi/14.3.1/../../../../arm-none-eabi/lib\libc_nano.a(libc_a-localeconv.o)
                0x000016a8                _localeconv_r
 .text.memchr   0x000016b4       0x34 C:/Users/lapto/Downloads/arm-gnu-toolchain-14.3.rel1-mingw-w64-x86_64-arm-none-eabi/bin/../lib/gcc/arm-none-eabi/14.3.1/../../../../arm-none-eabi/lib\libc_nano.a(libc_a-memchr-stub.o)
                0x000016b4                memchr
 .text          0x000016e8        0xe C:/Users/lapto/Downloads/arm-gnu-toolchain-14.3.rel1-mingw-w64-x86_64-arm-none-eabi/bin/../lib/gcc/arm-none-eabi/14.3.1/../../../../arm-none-eabi/lib\libc_nano.a(libc_a-strlen.o)
                0x000016e8                strlen
 *fill*         0x000016f6        0x2 
 .text.nanf     0x000016f8        0xc C:/Users/lapto/Downloads/arm-gnu-toolchain-14.3.rel1-mingw-w64-x86_64-arm-none-eabi/bin/../lib/gcc/arm-none-eabi/14.3.1/../../../../arm-none-eabi/lib\libc_nano.a(libm_a-sf_nan.o)
                0x000016f8                nanf
 .text.quorem   0x00001704      0x1d0 C:/Users/lapto/Downloads/arm-gnu-toolchain-14.3.rel1-mingw-w64-x86_64-arm-none-eabi/bin/../lib/gcc/arm-none-eabi/14.3.1/../../../../arm-none-eabi/lib\libc_nano.a(libc_a-dtoa.o)
 .text._dtoa_r  0x000018d4     0x12d8 C:/Users/lapto/Downloads/arm-gnu-toolchain-14.3.rel1-mingw-w64-x86_64-arm-none-eabi/bin/../lib/gcc/arm-none-eabi/14.3.1/../../../../arm-none-eabi/lib\libc_nano.a(libc_a-dtoa.o)
                0x000018d4                _dtoa_r
 .text.malloc   0x00002bac       0x20 C:/Users/lapto/Downloads/arm-gnu-toolchain-14.3.rel1-mingw-w64-x86_64-arm-none-eabi/bin/../lib/gcc/arm-none-eabi/14.3.1/../../../../arm-none-eabi/lib\libc_nano.a(libc_a-malloc.o)
                0x00002bac                malloc
 .text.sbrk_aligned
                0x00002bcc       0x74 C:/Users/lapto/Downloads/arm-gnu-toolchain-14.3.rel1-mingw-w64-x86_64-arm-none-eabi/bin/../lib/gcc/arm-none-eabi/14.3.1/../../../../arm-none-eabi/lib\libc_nano.a(libc_a-mallocr.o)
 .text._malloc_r
                0x00002c40      0x19c C:/Users/lapto/Downloads/arm-gnu-toolchain-14.3.rel1-mingw-w64-x86_64-arm-none-eabi/bin/../lib/gcc/arm-none-eabi/14.3.1/../../../../arm-none-eabi/lib\libc_nano.a(libc_a-mallocr.o)
                0x00002c40                _malloc_r
 .text.__malloc_lock
                0x00002ddc       0x18 C:/Users/lapto/Downloads/arm-gnu-toolchain-14.3.rel1-mingw-w64-x86_64-arm-none-eabi/bin/../lib/gcc/arm-none-eabi/14.3.1/../../../../arm-none-eabi/lib\libc_nano.a(libc_a-mlock.o)
                0x00002ddc                __malloc_lock
 .text.__malloc_unlock
                0x00002df4       0x18 C:/Users/lapto/Downloads/arm-gnu-toolchain-14.3.rel1-mingw-w64-x86_64-arm-none-eabi/bin/../lib/gcc/arm-none-eabi/14.3.1/../../../../arm-none-eabi/lib\libc_nano.a(libc_a-mlock.o)
                0x00002df4                __malloc_unlock
 .text._Balloc  0x00002e0c       0xe8 C:/Users/lapto/Downloads/arm-gnu-toolchain-14.3.rel1-mingw-w64-x86_64-arm-none-eabi/bin/../lib/gcc/arm-none-eabi/14.3.1/../../../../arm-none-eabi/lib\libc_nano.a(libc_a-mprec.o)
                0x00002e0c                _Balloc
 .text._Bfree   0x00002ef4       0x80 C:/Users/lapto/Downloads/arm-gnu-toolchain-14.3.rel1-mingw-w64-x86_64-arm-none-eabi/bin/../lib/gcc/arm-none-eabi/14.3.1/../../../../arm-none-eabi/lib\libc_nano.a(libc_a-mprec.o)
                0x00002ef4                _Bfree
 .text.__multadd
                0x00002f74       0xe4 C:/Users/lapto/Downloads/arm-gnu-toolchain-14.3.rel1-mingw-w64-x86_64-arm-none-eabi/bin/../lib/gcc/arm-none-eabi/14.3.1/../../../../arm-none-eabi/lib\libc_nano.a(libc_a-mprec.o)
                0x00002f74                __multadd
 .text.__s2b    0x00003058       0xfc C:/Users/lapto/Downloads/arm-gnu-toolchain-14.3.rel1-mingw-w64-x86_64-arm-none-eabi/bin/../lib/gcc/arm-none-eabi/14.3.1/../../../../arm-none-eabi/lib\libc_nano.a(libc_a-mprec.o)
                0x00003058                __s2b
 .text.__hi0bits
                0x00003154       0x50 C:/Users/lapto/Downloads/arm-gnu-toolchain-14.3.rel1-mingw-w64-x86_64-arm-none-eabi/bin/../lib/gcc/arm-none-eabi/14.3.1/../../../../arm-none-eabi/lib\libc_nano.a(libc_a-mprec.o)
                0x00003154                __hi0bits
 .text.__lo0bits
                0x000031a4       0xa0 C:/Users/lapto/Downloads/arm-gnu-toolchain-14.3.rel1-mingw-w64-x86_64-arm-none-eabi/bin/../lib/gcc/arm-none-eabi/14.3.1/../../../../arm-none-eabi/lib\libc_nano.a(libc_a-mprec.o)
                0x000031a4                __lo0bits
 .text.__i2b    0x00003244       0x48 C:/Users/lapto/Downloads/arm-gnu-toolchain-14.3.rel1-mingw-w64-x86_64-arm-none-eabi/bin/../lib/gcc/arm-none-eabi/14.3.1/../../../../arm-none-eabi/lib\libc_nano.a(libc_a-mprec.o)
                0x00003244                __i2b
 .text.__multiply
                0x0000328c      0x1f0 C:/Users/lapto/Downloads/arm-gnu-toolchain-14.3.rel1-mingw-w64-x86_64-arm-none-eabi/bin/../lib/gcc/arm-none-eabi/14.3.1/../../../../arm-none-eabi/lib\libc_nano.a(libc_a-mprec.o)
                0x0000328c                __multiply
 .text.__pow5mult
                0x0000347c      0x13c C:/Users/lapto/Downloads/arm-gnu-toolchain-14.3.rel1-mingw-w64-x86_64-arm-none-eabi/bin/../lib/gcc/arm-none-eabi/14.3.1/../../../../arm-none-eabi/lib\libc_nano.a(libc_a-mprec.o)
                0x0000347c                __pow5mult
 .text.__lshift
                0x000035b8      0x13c C:/Users/lapto/Downloads/arm-gnu-toolchain-14.3.rel1-mingw-w64-x86_64-arm-none-eabi/bin/../lib/gcc/arm-none-eabi/14.3.1/../../../../arm-none-eabi/lib\libc_nano.a(libc_a-mprec.o)
                0x000035b8                __lshift
 .text.__mcmp   0x000036f4       0x54 C:/Users/lapto/Downloads/arm-gnu-toolchain-14.3.rel1-mingw-w64-x86_64-arm-none-eabi/bin/../lib/gcc/arm-none-eabi/14.3.1/../../../../arm-none-eabi/lib\libc_nano.a(libc_a-mprec.o)
                0x000036f4                __mcmp
 .text.__mdiff  0x00003748      0x1d0 C:/Users/lapto/Downloads/arm-gnu-toolchain-14.3.rel1-mingw-w64-x86_64-arm-none-eabi/bin/../lib/gcc/arm-none-eabi/14.3.1/../../../../arm-none-eabi/lib\libc_nano.a(libc_a-mprec.o)
                0x00003748                __mdiff
 .text.__ulp    0x00003918       0x5c C:/Users/lapto/Downloads/arm-gnu-toolchain-14.3.rel1-mingw-w64-x86_64-arm-none-eabi/bin/../lib/gcc/arm-none-eabi/14.3.1/../../../../arm-none-eabi/lib\libc_nano.a(libc_a-mprec.o)
                0x00003918                __ulp
 .text.__b2d    0x00003974       0xb4 C:/Users/lapto/Downloads/arm-gnu-toolchain-14.3.rel1-mingw-w64-x86_64-arm-none-eabi/bin/../lib/gcc/arm-none-eabi/14.3.1/../../../../arm-none-eabi/lib\libc_nano.a(libc_a-mprec.o)
                0x00003974                __b2d
 .text.__d2b    0x00003a28      0x11c C:/Users/lapto/Downloads/arm-gnu-toolchain-14.3.rel1-mingw-w64-x86_64-arm-none-eabi/bin/../lib/gcc/arm-none-eabi/14.3.1/../../../../arm-none-eabi/lib\libc_nano.a(libc_a-mprec.o)
                0x00003a28                __d2b
 .text.__ratio  0x00003b44       0x80 C:/Users/lapto/Downloads/arm-gnu-toolchain-14.3.rel1-mingw-w64-x86_64-arm-none-eabi/bin/../lib/gcc/arm-none-eabi/14.3.1/../../../../arm-none-eabi/lib\libc_nano.a(libc_a-mprec.o)
                0x00003b44                __ratio
 .text.__copybits
                0x00003bc4       0x70 C:/Users/lapto/Downloads/arm-gnu-toolchain-14.3.rel1-mingw-w64-x86_64-arm-none-eabi/bin/../lib/gcc/arm-none-eabi/14.3.1/../../../../arm-none-eabi/lib\libc_nano.a(libc_a-mprec.o)
                0x00003bc4                __copybits
 .text.__any_on
                0x00003c34       0x60 C:/Users/lapto/Downloads/arm-gnu-toolchain-14.3.rel1-mingw-w64-x86_64-arm-none-eabi/bin/../lib/gcc/arm-none-eabi/14.3.1/../../../../arm-none-eabi/lib\libc_nano.a(libc_a-mprec.o)
                0x00003c34                __any_on
 .text.sulp     0x00003c94       0x6c C:/Users/lapto/Downloads/arm-gnu-toolchain-14.3.rel1-mingw-w64-x86_64-arm-none-eabi/bin/../lib/gcc/arm-none-eabi/14.3.1/../../../../arm-none-eabi/lib\libc_nano.a(libc_a-strtod.o)
 .text._strtod_l
                0x00003d00     0x1218 C:/Users/lapto/Downloads/arm-gnu-toolchain-14.3.rel1-mingw-w64-x86_64-arm-none-eabi/bin/../lib/gcc/arm-none-eabi/14.3.1/../../../../arm-none-eabi/lib\libc_nano.a(libc_a-strtod.o)
                0x00003d00                _strtod_l
 .text._strtod_r
                0x00004f18        0xc C:/Users/lapto/Downloads/arm-gnu-toolchain-14.3.rel1-mingw-w64-x86_64-arm-none-eabi/bin/../lib/gcc/arm-none-eabi/14.3.1/../../../../arm-none-eabi/lib\libc_nano.a(libc_a-strtod.o)
                0x00004f18                _strtod_r
 .text._strtol_l.isra.0
                0x00004f24      0x1ac C:/Users/lapto/Downloads/arm-gnu-toolchain-14.3.rel1-mingw-w64-x86_64-arm-none-eabi/bin/../lib/gcc/arm-none-eabi/14.3.1/../../../../arm-none-eabi/lib\libc_nano.a(libc_a-strtol.o)
 .text._strtol_r
                0x000050d0        0x4 C:/Users/lapto/Downloads/arm-gnu-toolchain-14.3.rel1-mingw-w64-x86_64-arm-none-eabi/bin/../lib/gcc/arm-none-eabi/14.3.1/../../../../arm-none-eabi/lib\libc_nano.a(libc_a-strtol.o)
                0x000050d0                _strtol_r
 .text.__ssputs_r
                0x000050d4      0x134 C:/Users/lapto/Downloads/arm-gnu-toolchain-14.3.rel1-mingw-w64-x86_64-arm-none-eabi/bin/../lib/gcc/arm-none-eabi/14.3.1/../../../../arm-none-eabi/lib\libc_nano.a(libc_a-nano-svfprintf.o)
                0x000050d4                __ssputs_r
 .text._svfprintf_r
                0x00005208      0x334 C:/Users/lapto/Downloads/arm-gnu-toolchain-14.3.rel1-mingw-w64-x86_64-arm-none-eabi/bin/../lib/gcc/arm-none-eabi/14.3.1/../../../../arm-none-eabi/lib\libc_nano.a(libc_a-nano-svfprintf.o)
                0x00005208                _svfiprintf_r
                0x00005208                _svfprintf_r
 .text.memmove  0x0000553c       0x48 C:/Users/lapto/Downloads/arm-gnu-toolchain-14.3.rel1-mingw-w64-x86_64-arm-none-eabi/bin/../lib/gcc/arm-none-eabi/14.3.1/../../../../arm-none-eabi/lib\libc_nano.a(libc_a-memmove.o)
                0x0000553c                memmove
 .text.strncmp  0x00005584       0x50 C:/Users/lapto/Downloads/arm-gnu-toolchain-14.3.rel1-mingw-w64-x86_64-arm-none-eabi/bin/../lib/gcc/arm-none-eabi/14.3.1/../../../../arm-none-eabi/lib\libc_nano.a(libc_a-strncmp.o)
                0x00005584                strncmp
 .text._sbrk_r  0x000055d4       0x3c C:/Users/lapto/Downloads/arm-gnu-toolchain-14.3.rel1-mingw-w64-x86_64-arm-none-eabi/bin/../lib/gcc/arm-none-eabi/14.3.1/../../../../arm-none-eabi/lib\libc_nano.a(libc_a-sbrkr.o)
                0x000055d4                _sbrk_r
 .text.__errno  0x00005610       0x10 C:/Users/lapto/Downloads/arm-gnu-toolchain-14.3.rel1-mingw-w64-x86_64-arm-none-eabi/bin/../lib/gcc/arm-none-eabi/14.3.1/../../../../arm-none-eabi/lib\libc_nano.a(libc_a-errno.o)
                0x00005610                __errno
 .text.__retarget_lock_init_recursive
                0x00005620        0x4 C:/Users/lapto/Downloads/arm-gnu-toolchain-14.3.rel1-mingw-w64-x86_64-arm-none-eabi/bin/../lib/gcc/arm-none-eabi/14.3.1/../../../../arm-none-eabi/lib\libc_nano.a(libc_a-lock.o)
                0x00005620                __retarget_lock_init_recursive
 .text.__retarget_lock_acquire_recursive
                0x00005624        0x4 C:/Users/lapto/Downloads/arm-gnu-toolchain-14.3.rel1-mingw-w64-x86_64-arm-none-eabi/bin/../lib/gcc/arm-none-eabi/14.3.1/../../../../arm-none-eabi/lib\libc_nano.a(libc_a-lock.o)
                0x00005624                __retarget_lock_acquire_recursive
 .text.__retarget_lock_release_recursive
                0x00005628        0x4 C:/Users/lapto/Downloads/arm-gnu-toolchain-14.3.rel1-mingw-w64-x86_64-arm-none-eabi/bin/../lib/gcc/arm-none-eabi/14.3.1/../../../../arm-none-eabi/lib\libc_nano.a(libc_a-lock.o)
                0x00005628                __retarget_lock_release_recursive
 .text.memcpy   0x0000562c       0x1c C:/Users/lapto/Downloads/arm-gnu-toolchain-14.3.rel1-mingw-w64-x86_64-arm-none-eabi/bin/../lib/gcc/arm-none-eabi/14.3.1/../../../../arm-none-eabi/lib\libc_nano.a(libc_a-memcpy-stub.o)
                0x0000562c                memcpy
 .text.nan      0x00005648       0x10 C:/Users/lapto/Downloads/arm-gnu-toolchain-14.3.rel1-mingw-w64-x86_64-arm-none-eabi/bin/../lib/gcc/arm-none-eabi/14.3.1/../../../../arm-none-eabi/lib\libc_nano.a(libm_a-s_nan.o)
                0x00005648                nan
 .text.__assert_func
                0x00005658       0x50 C:/Users/lapto/Downloads/arm-gnu-toolchain-14.3.rel1-mingw-w64-x86_64-arm-none-eabi/bin/../lib/gcc/arm-none-eabi/14.3.1/../../../../arm-none-eabi/lib\libc_nano.a(libc_a-assert.o)
                0x00005658                __assert_func
 .text._calloc_r
                0x000056a8       0x4c C:/Users/lapto/Downloads/arm-gnu-toolchain-14.3.rel1-mingw-w64-x86_64-arm-none-eabi/bin/../lib/gcc/arm-none-eabi/14.3.1/../../../../arm-none-eabi/lib\libc_nano.a(libc_a-callocr.o)
                0x000056a8                _calloc_r
 .text._free_r  0x000056f4      0x10c C:/Users/lapto/Downloads/arm-gnu-toolchain-14.3.rel1-mingw-w64-x86_64-arm-none-eabi/bin/../lib/gcc/arm-none-eabi/14.3.1/../../../../arm-none-eabi/lib\libc_nano.a(libc_a-freer.o)
                0x000056f4                _free_r
 .text.rshift   0x00005800       0xe0 C:/Users/lapto/Downloads/arm-gnu-toolchain-14.3.rel1-mingw-w64-x86_64-arm-none-eabi/bin/../lib/gcc/arm-none-eabi/14.3.1/../../../../arm-none-eabi/lib\libc_nano.a(libc_a-gdtoa-gethex.o)
 .text.__hexdig_fun
                0x000058e0       0x40 C:/Users/lapto/Downloads/arm-gnu-toolchain-14.3.rel1-mingw-w64-x86_64-arm-none-eabi/bin/../lib/gcc/arm-none-eabi/14.3.1/../../../../arm-none-eabi/lib\libc_nano.a(libc_a-gdtoa-gethex.o)
                0x000058e0                __hexdig_fun
 .text.__gethex
                0x00005920      0x65c C:/Users/lapto/Downloads/arm-gnu-toolchain-14.3.rel1-mingw-w64-x86_64-arm-none-eabi/bin/../lib/gcc/arm-none-eabi/14.3.1/../../../../arm-none-eabi/lib\libc_nano.a(libc_a-gdtoa-gethex.o)
                0x00005920                __gethex
 .text.L_shift  0x00005f7c       0x38 C:/Users/lapto/Downloads/arm-gnu-toolchain-14.3.rel1-mingw-w64-x86_64-arm-none-eabi/bin/../lib/gcc/arm-none-eabi/14.3.1/../../../../arm-none-eabi/lib\libc_nano.a(libc_a-gdtoa-hexnan.o)
 .text.__match  0x00005fb4       0x60 C:/Users/lapto/Downloads/arm-gnu-toolchain-14.3.rel1-mingw-w64-x86_64-arm-none-eabi/bin/../lib/gcc/arm-none-eabi/14.3.1/../../../../arm-none-eabi/lib\libc_nano.a(libc_a-gdtoa-hexnan.o)
                0x00005fb4                __match
 .text.__hexnan
                0x00006014      0x224 C:/Users/lapto/Downloads/arm-gnu-toolchain-14.3.rel1-mingw-w64-x86_64-arm-none-eabi/bin/../lib/gcc/arm-none-eabi/14.3.1/../../../../arm-none-eabi/lib\libc_nano.a(libc_a-gdtoa-hexnan.o)
                0x00006014                __hexnan
 .text.__ascii_mbtowc
                0x00006238       0x40 C:/Users/lapto/Downloads/arm-gnu-toolchain-14.3.rel1-mingw-w64-x86_64-arm-none-eabi/bin/../lib/gcc/arm-none-eabi/14.3.1/../../../../arm-none-eabi/lib\libc_nano.a(libc_a-mbtowc_r.o)
                0x00006238                __ascii_mbtowc
 .text._realloc_r
                0x00006278       0x98 C:/Users/lapto/Downloads/arm-gnu-toolchain-14.3.rel1-mingw-w64-x86_64-arm-none-eabi/bin/../lib/gcc/arm-none-eabi/14.3.1/../../../../arm-none-eabi/lib\libc_nano.a(libc_a-reallocr.o)
                0x00006278                _realloc_r
 .text.__ascii_wctomb
                0x00006310       0x28 C:/Users/lapto/Downloads/arm-gnu-toolchain-14.3.rel1-mingw-w64-x86_64-arm-none-eabi/bin/../lib/gcc/arm-none-eabi/14.3.1/../../../../arm-none-eabi/lib\libc_nano.a(libc_a-wctomb_r.o)
                0x00006310                __ascii_wctomb
 .text.fprintf  0x00006338       0x38 C:/Users/lapto/Downloads/arm-gnu-toolchain-14.3.rel1-mingw-w64-x86_64-arm-none-eabi/bin/../lib/gcc/arm-none-eabi/14.3.1/../../../../arm-none-eabi/lib\libc_nano.a(libc_a-fprintf.o)
                0x00006338                fiprintf
                0x00006338                fprintf
 .text.memset   0x00006370       0x18 C:/Users/lapto/Downloads/arm-gnu-toolchain-14.3.rel1-mingw-w64-x86_64-arm-none-eabi/bin/../lib/gcc/arm-none-eabi/14.3.1/../../../../arm-none-eabi/lib\libc_nano.a(libc_a-memset.o)
                0x00006370                memset
 .text.abort    0x00006388       0x14 C:/Users/lapto/Downloads/arm-gnu-toolchain-14.3.rel1-mingw-w64-x86_64-arm-none-eabi/bin/../lib/gcc/arm-none-eabi/14.3.1/../../../../arm-none-eabi/lib\libc_nano.a(libc_a-abort.o)
                0x00006388                abort
 .text._malloc_usable_size_r
                0x0000639c       0x18 C:/Users/lapto/Downloads/arm-gnu-toolchain-14.3.rel1-mingw-w64-x86_64-arm-none-eabi/bin/../lib/gcc/arm-none-eabi/14.3.1/../../../../arm-none-eabi/lib\libc_nano.a(libc_a-msizer.o)
                0x0000639c                _malloc_usable_size_r
 .text.__sfputc_r
                0x000063b4       0x68 C:/Users/lapto/Downloads/arm-gnu-toolchain-14.3.rel1-mingw-w64-x86_64-arm-none-eabi/bin/../lib/gcc/arm-none-eabi/14.3.1/../../../../arm-none-eabi/lib\libc_nano.a(libc_a-nano-vfprintf.o)
 .text.__sfputs_r
                0x0000641c       0x40 C:/Users/lapto/Downloads/arm-gnu-toolchain-14.3.rel1-mingw-w64-x86_64-arm-none-eabi/bin/../lib/gcc/arm-none-eabi/14.3.1/../../../../arm-none-eabi/lib\libc_nano.a(libc_a-nano-vfprintf.o)
                0x0000641c                __sfputs_r
 .text._vfprintf_r
                0x0000645c      0x390 C:/Users/lapto/Downloads/arm-gnu-toolchain-14.3.rel1-mingw-w64-x86_64-arm-none-eabi/bin/../lib/gcc/arm-none-eabi/14.3.1/../../../../arm-none-eabi/lib\libc_nano.a(libc_a-nano-vfprintf.o)
                0x0000645c                _vfprintf_r
                0x0000645c                _vfiprintf_r
 .text.std      0x000067ec       0xb0 C:/Users/lapto/Downloads/arm-gnu-toolchain-14.3.rel1-mingw-w64-x86_64-arm-none-eabi/bin/../lib/gcc/arm-none-eabi/14.3.1/../../../../arm-none-eabi/lib\libc_nano.a(libc_a-findfp.o)
 .text.stdio_exit_handler
                0x0000689c       0x28 C:/Users/lapto/Downloads/arm-gnu-toolchain-14.3.rel1-mingw-w64-x86_64-arm-none-eabi/bin/../lib/gcc/arm-none-eabi/14.3.1/../../../../arm-none-eabi/lib\libc_nano.a(libc_a-findfp.o)
 .text.cleanup_stdio
                0x000068c4       0x54 C:/Users/lapto/Downloads/arm-gnu-toolchain-14.3.rel1-mingw-w64-x86_64-arm-none-eabi/bin/../lib/gcc/arm-none-eabi/14.3.1/../../../../arm-none-eabi/lib\libc_nano.a(libc_a-findfp.o)
 .text.global_stdio_init.part.0
                0x00006918       0x58 C:/Users/lapto/Downloads/arm-gnu-toolchain-14.3.rel1-mingw-w64-x86_64-arm-none-eabi/bin/../lib/gcc/arm-none-eabi/14.3.1/../../../../arm-none-eabi/lib\libc_nano.a(libc_a-findfp.o)
 .text.__sfp_lock_acquire
                0x00006970       0x18 C:/Users/lapto/Downloads/arm-gnu-toolchain-14.3.rel1-mingw-w64-x86_64-arm-none-eabi/bin/../lib/gcc/arm-none-eabi/14.3.1/../../../../arm-none-eabi/lib\libc_nano.a(libc_a-findfp.o)
                0x00006970                __sfp_lock_acquire
 .text.__sfp_lock_release
                0x00006988       0x18 C:/Users/lapto/Downloads/arm-gnu-toolchain-14.3.rel1-mingw-w64-x86_64-arm-none-eabi/bin/../lib/gcc/arm-none-eabi/14.3.1/../../../../arm-none-eabi/lib\libc_nano.a(libc_a-findfp.o)
                0x00006988                __sfp_lock_release
 .text.__sinit  0x000069a0       0x48 C:/Users/lapto/Downloads/arm-gnu-toolchain-14.3.rel1-mingw-w64-x86_64-arm-none-eabi/bin/../lib/gcc/arm-none-eabi/14.3.1/../../../../arm-none-eabi/lib\libc_nano.a(libc_a-findfp.o)
                0x000069a0                __sinit
 .text._fwalk_sglue
                0x000069e8       0x70 C:/Users/lapto/Downloads/arm-gnu-toolchain-14.3.rel1-mingw-w64-x86_64-arm-none-eabi/bin/../lib/gcc/arm-none-eabi/14.3.1/../../../../arm-none-eabi/lib\libc_nano.a(libc_a-fwalk.o)
                0x000069e8                _fwalk_sglue
 .text.__sread  0x00006a58       0x34 C:/Users/lapto/Downloads/arm-gnu-toolchain-14.3.rel1-mingw-w64-x86_64-arm-none-eabi/bin/../lib/gcc/arm-none-eabi/14.3.1/../../../../arm-none-eabi/lib\libc_nano.a(libc_a-stdio.o)
                0x00006a58                __sread
 .text.__swrite
                0x00006a8c       0x58 C:/Users/lapto/Downloads/arm-gnu-toolchain-14.3.rel1-mingw-w64-x86_64-arm-none-eabi/bin/../lib/gcc/arm-none-eabi/14.3.1/../../../../arm-none-eabi/lib\libc_nano.a(libc_a-stdio.o)
                0x00006a8c                __swrite
 .text.__sseek  0x00006ae4       0x34 C:/Users/lapto/Downloads/arm-gnu-toolchain-14.3.rel1-mingw-w64-x86_64-arm-none-eabi/bin/../lib/gcc/arm-none-eabi/14.3.1/../../../../arm-none-eabi/lib\libc_nano.a(libc_a-stdio.o)
                0x00006ae4                __sseek
 .text.__sclose
                0x00006b18       0x14 C:/Users/lapto/Downloads/arm-gnu-toolchain-14.3.rel1-mingw-w64-x86_64-arm-none-eabi/bin/../lib/gcc/arm-none-eabi/14.3.1/../../../../arm-none-eabi/lib\libc_nano.a(libc_a-stdio.o)
                0x00006b18                __sclose
 .text.__swbuf_r
                0x00006b2c       0xf4 C:/Users/lapto/Downloads/arm-gnu-toolchain-14.3.rel1-mingw-w64-x86_64-arm-none-eabi/bin/../lib/gcc/arm-none-eabi/14.3.1/../../../../arm-none-eabi/lib\libc_nano.a(libc_a-wbuf.o)
                0x00006b2c                __swbuf_r
 .text.__swsetup_r
                0x00006c20      0x118 C:/Users/lapto/Downloads/arm-gnu-toolchain-14.3.rel1-mingw-w64-x86_64-arm-none-eabi/bin/../lib/gcc/arm-none-eabi/14.3.1/../../../../arm-none-eabi/lib\libc_nano.a(libc_a-wsetup.o)
                0x00006c20                __swsetup_r
 .text._raise_r
                0x00006d38       0x90 C:/Users/lapto/Downloads/arm-gnu-toolchain-14.3.rel1-mingw-w64-x86_64-arm-none-eabi/bin/../lib/gcc/arm-none-eabi/14.3.1/../../../../arm-none-eabi/lib\libc_nano.a(libc_a-signal.o)
                0x00006d38                _raise_r
 .text.raise    0x00006dc8       0x14 C:/Users/lapto/Downloads/arm-gnu-toolchain-14.3.rel1-mingw-w64-x86_64-arm-none-eabi/bin/../lib/gcc/arm-none-eabi/14.3.1/../../../../arm-none-eabi/lib\libc_nano.a(libc_a-signal.o)
                0x00006dc8                raise
 .text._close_r
                0x00006ddc       0x3c C:/Users/lapto/Downloads/arm-gnu-toolchain-14.3.rel1-mingw-w64-x86_64-arm-none-eabi/bin/../lib/gcc/arm-none-eabi/14.3.1/../../../../arm-none-eabi/lib\libc_nano.a(libc_a-closer.o)
                0x00006ddc                _close_r
 .text._lseek_r
                0x00006e18       0x44 C:/Users/lapto/Downloads/arm-gnu-toolchain-14.3.rel1-mingw-w64-x86_64-arm-none-eabi/bin/../lib/gcc/arm-none-eabi/14.3.1/../../../../arm-none-eabi/lib\libc_nano.a(libc_a-lseekr.o)
                0x00006e18                _lseek_r
 .text._read_r  0x00006e5c       0x44 C:/Users/lapto/Downloads/arm-gnu-toolchain-14.3.rel1-mingw-w64-x86_64-arm-none-eabi/bin/../lib/gcc/arm-none-eabi/14.3.1/../../../../arm-none-eabi/lib\libc_nano.a(libc_a-readr.o)
                0x00006e5c                _read_r
 .text._kill_r  0x00006ea0       0x40 C:/Users/lapto/Downloads/arm-gnu-toolchain-14.3.rel1-mingw-w64-x86_64-arm-none-eabi/bin/../lib/gcc/arm-none-eabi/14.3.1/../../../../arm-none-eabi/lib\libc_nano.a(libc_a-signalr.o)
                0x00006ea0                _kill_r
 .text._getpid_r
                0x00006ee0       0x10 C:/Users/lapto/Downloads/arm-gnu-toolchain-14.3.rel1-mingw-w64-x86_64-arm-none-eabi/bin/../lib/gcc/arm-none-eabi/14.3.1/../../../../arm-none-eabi/lib\libc_nano.a(libc_a-signalr.o)
                0x00006ee0                _getpid_r
 .text._write_r
                0x00006ef0       0x44 C:/Users/lapto/Downloads/arm-gnu-toolchain-14.3.rel1-mingw-w64-x86_64-arm-none-eabi/bin/../lib/gcc/arm-none-eabi/14.3.1/../../../../arm-none-eabi/lib\libc_nano.a(libc_a-writer.o)
                0x00006ef0                _write_r
 .text.__sflush_r
                0x00006f34      0x1d0 C:/Users/lapto/Downloads/arm-gnu-toolchain-14.3.rel1-mingw-w64-x86_64-arm-none-eabi/bin/../lib/gcc/arm-none-eabi/14.3.1/../../../../arm-none-eabi/lib\libc_nano.a(libc_a-fflush.o)
                0x00006f34                __sflush_r
 .text._fflush_r
                0x00007104       0x94 C:/Users/lapto/Downloads/arm-gnu-toolchain-14.3.rel1-mingw-w64-x86_64-arm-none-eabi/bin/../lib/gcc/arm-none-eabi/14.3.1/../../../../arm-none-eabi/lib\libc_nano.a(libc_a-fflush.o)
                0x00007104                _fflush_r
 .text.__swhatbuf_r
                0x00007198       0x78 C:/Users/lapto/Downloads/arm-gnu-toolchain-14.3.rel1-mingw-w64-x86_64-arm-none-eabi/bin/../lib/gcc/arm-none-eabi/14.3.1/../../../../arm-none-eabi/lib\libc_nano.a(libc_a-makebuf.o)
                0x00007198                __swhatbuf_r
 .text.__smakebuf_r
                0x00007210       0xbc C:/Users/lapto/Downloads/arm-gnu-toolchain-14.3.rel1-mingw-w64-x86_64-arm-none-eabi/bin/../lib/gcc/arm-none-eabi/14.3.1/../../../../arm-none-eabi/lib\libc_nano.a(libc_a-makebuf.o)
                0x00007210                __smakebuf_r
 .text._fstat_r
                0x000072cc       0x40 C:/Users/lapto/Downloads/arm-gnu-toolchain-14.3.rel1-mingw-w64-x86_64-arm-none-eabi/bin/../lib/gcc/arm-none-eabi/14.3.1/../../../../arm-none-eabi/lib\libc_nano.a(libc_a-fstatr.o)
                0x000072cc                _fstat_r
 .text._isatty_r
                0x0000730c       0x3c C:/Users/lapto/Downloads/arm-gnu-toolchain-14.3.rel1-mingw-w64-x86_64-arm-none-eabi/bin/../lib/gcc/arm-none-eabi/14.3.1/../../../../arm-none-eabi/lib\libc_nano.a(libc_a-isattyr.o)
                0x0000730c                _isatty_r
 .text._close   0x00007348       0x18 C:/Users/lapto/Downloads/arm-gnu-toolchain-14.3.rel1-mingw-w64-x86_64-arm-none-eabi/bin/../lib/gcc/arm-none-eabi/14.3.1/../../../../arm-none-eabi/lib\libnosys.a(close.o)
                0x00007348                _close
 .text._fstat   0x00007360       0x18 C:/Users/lapto/Downloads/arm-gnu-toolchain-14.3.rel1-mingw-w64-x86_64-arm-none-eabi/bin/../lib/gcc/arm-none-eabi/14.3.1/../../../../arm-none-eabi/lib\libnosys.a(fstat.o)
                0x00007360                _fstat
 .text._getpid  0x00007378       0x18 C:/Users/lapto/Downloads/arm-gnu-toolchain-14.3.rel1-mingw-w64-x86_64-arm-none-eabi/bin/../lib/gcc/arm-none-eabi/14.3.1/../../../../arm-none-eabi/lib\libnosys.a(getpid.o)
                0x00007378                _getpid
 .text._isatty  0x00007390       0x18 C:/Users/lapto/Downloads/arm-gnu-toolchain-14.3.rel1-mingw-w64-x86_64-arm-none-eabi/bin/../lib/gcc/arm-none-eabi/14.3.1/../../../../arm-none-eabi/lib\libnosys.a(isatty.o)
                0x00007390                _isatty
 .text._kill    0x000073a8       0x18 C:/Users/lapto/Downloads/arm-gnu-toolchain-14.3.rel1-mingw-w64-x86_64-arm-none-eabi/bin/../lib/gcc/arm-none-eabi/14.3.1/../../../../arm-none-eabi/lib\libnosys.a(kill.o)
                0x000073a8                _kill
 .text._lseek   0x000073c0       0x18 C:/Users/lapto/Downloads/arm-gnu-toolchain-14.3.rel1-mingw-w64-x86_64-arm-none-eabi/bin/../lib/gcc/arm-none-eabi/14.3.1/../../../../arm-none-eabi/lib\libnosys.a(lseek.o)
                0x000073c0                _lseek
 .text._read    0x000073d8       0x18 C:/Users/lapto/Downloads/arm-gnu-toolchain-14.3.rel1-mingw-w64-x86_64-arm-none-eabi/bin/../lib/gcc/arm-none-eabi/14.3.1/../../../../arm-none-eabi/lib\libnosys.a(read.o)
                0x000073d8                _read
 .text._sbrk    0x000073f0       0x2c C:/Users/lapto/Downloads/arm-gnu-toolchain-14.3.rel1-mingw-w64-x86_64-arm-none-eabi/bin/../lib/gcc/arm-none-eabi/14.3.1/../../../../arm-none-eabi/lib\libnosys.a(sbrk.o)
                0x000073f0                _sbrk
 .text._write   0x0000741c       0x18 C:/Users/lapto/Downloads/arm-gnu-toolchain-14.3.rel1-mingw-w64-x86_64-arm-none-eabi/bin/../lib/gcc/arm-none-eabi/14.3.1/../../../../arm-none-eabi/lib\libnosys.a(write.o)
                0x0000741c                _write
 .text._exit    0x00007434        0x4 C:/Users/lapto/Downloads/arm-gnu-toolchain-14.3.rel1-mingw-w64-x86_64-arm-none-eabi/bin/../lib/gcc/arm-none-eabi/14.3.1/../../../../arm-none-eabi/lib\libnosys.a(_exit.o)
                0x00007434                _exit
 .text          0x00007438      0x114 C:/Users/lapto/Downloads/arm-gnu-toolchain-14.3.rel1-mingw-w64-x86_64-arm-none-eabi/bin/../lib/gcc/arm-none-eabi/14.3.1\libgcc.a(_udivsi3.o)
                0x00007438                __aeabi_uidiv
                0x00007438                __udivsi3
                0x0000752c                __aeabi_uidivmod
 .text          0x0000754c      0x148 C:/Users/lapto/Downloads/arm-gnu-toolchain-14.3.rel1-mingw-w64-x86_64-arm-none-eabi/bin/../lib/gcc/arm-none-eabi/14.3.1\libgcc.a(_divsi3.o)
                0x0000754c                __divsi3
                0x0000754c                __aeabi_idiv
                0x00007674                __aeabi_idivmod
 .text          0x00007694        0x4 C:/Users/lapto/Downloads/arm-gnu-toolchain-14.3.rel1-mingw-w64-x86_64-arm-none-eabi/bin/../lib/gcc/arm-none-eabi/14.3.1\libgcc.a(_dvmd_tls.o)
                0x00007694                __aeabi_idiv0
                0x00007694                __aeabi_ldiv0
 .text          0x00007698      0x424 C:/Users/lapto/Downloads/arm-gnu-toolchain-14.3.rel1-mingw-w64-x86_64-arm-none-eabi/bin/../lib/gcc/arm-none-eabi/14.3.1\libgcc.a(_arm_addsubdf3.o)
                0x00007698                __aeabi_drsub
                0x000076a0                __aeabi_dsub
                0x000076a0                __subdf3
                0x000076a4                __aeabi_dadd
                0x000076a4                __adddf3
                0x000079b4                __floatunsidf
                0x000079b4                __aeabi_ui2d
                0x000079d8                __floatsidf
                0x000079d8                __aeabi_i2d
                0x00007a00                __aeabi_f2d
                0x00007a00                __extendsfdf2
                0x00007a48                __floatundidf
                0x00007a48                __aeabi_ul2d
                0x00007a5c                __floatdidf
                0x00007a5c                __aeabi_l2d
 .text          0x00007abc      0x49c C:/Users/lapto/Downloads/arm-gnu-toolchain-14.3.rel1-mingw-w64-x86_64-arm-none-eabi/bin/../lib/gcc/arm-none-eabi/14.3.1\libgcc.a(_arm_muldivdf3.o)
                0x00007abc                __aeabi_dmul
                0x00007abc                __muldf3
                0x00007d4c                __divdf3
                0x00007d4c                __aeabi_ddiv
 .text          0x00007f58      0x144 C:/Users/lapto/Downloads/arm-gnu-toolchain-14.3.rel1-mingw-w64-x86_64-arm-none-eabi/bin/../lib/gcc/arm-none-eabi/14.3.1\libgcc.a(_arm_cmpdf2.o)
                0x00007f58                __gtdf2
                0x00007f58                __gedf2
                0x00007f60                __ltdf2
                0x00007f60                __ledf2
                0x00007f68                __nedf2
                0x00007f68                __eqdf2
                0x00007f68                __cmpdf2
                0x00007ff0                __aeabi_cdrcmple
                0x0000800c                __aeabi_cdcmpeq
                0x0000800c                __aeabi_cdcmple
                0x00008024                __aeabi_dcmpeq
                0x0000803c                __aeabi_dcmplt
                0x00008054                __aeabi_dcmple
                0x0000806c                __aeabi_dcmpge
                0x00008084                __aeabi_dcmpgt
 .text          0x0000809c       0x38 C:/Users/lapto/Downloads/arm-gnu-toolchain-14.3.rel1-mingw-w64-x86_64-arm-none-eabi/bin/../lib/gcc/arm-none-eabi/14.3.1\libgcc.a(_arm_unorddf2.o)
                0x0000809c                __unorddf2
                0x0000809c                __aeabi_dcmpun
 .text          0x000080d4       0x5c C:/Users/lapto/Downloads/arm-gnu-toolchain-14.3.rel1-mingw-w64-x86_64-arm-none-eabi/bin/../lib/gcc/arm-none-eabi/14.3.1\libgcc.a(_arm_fixdfsi.o)
                0x000080d4                __aeabi_d2iz
                0x000080d4                __fixdfsi
 .text          0x00008130       0x54 C:/Users/lapto/Downloads/arm-gnu-toolchain-14.3.rel1-mingw-w64-x86_64-arm-none-eabi/bin/../lib/gcc/arm-none-eabi/14.3.1\libgcc.a(_arm_fixunsdfsi.o)
                0x00008130                __aeabi_d2uiz
                0x00008130                __fixunsdfsi
 .text          0x00008184       0xa0 C:/Users/lapto/Downloads/arm-gnu-toolchain-14.3.rel1-mingw-w64-x86_64-arm-none-eabi/bin/../lib/gcc/arm-none-eabi/14.3.1\libgcc.a(_arm_truncdfsf2.o)
                0x00008184                __truncdfsf2
                0x00008184                __aeabi_d2f
 .text.__fixdfdi
                0x00008224       0x50 C:/Users/lapto/Downloads/arm-gnu-toolchain-14.3.rel1-mingw-w64-x86_64-arm-none-eabi/bin/../lib/gcc/arm-none-eabi/14.3.1\libgcc.a(_fixdfdi.o)
                0x00008224                __fixdfdi
                0x00008224                __aeabi_d2lz
 .text.__fixunsdfdi
                0x00008274       0x5c C:/Users/lapto/Downloads/arm-gnu-toolchain-14.3.rel1-mingw-w64-x86_64-arm-none-eabi/bin/../lib/gcc/arm-none-eabi/14.3.1\libgcc.a(_fixunsdfdi.o)
                0x00008274                __fixunsdfdi
                0x00008274                __aeabi_d2ulz
 .text.__fixunsdfdi.__stub
                0x000082d0        0xc linker stubs
 *(.rodata .rodata.* .constdata .constdata.*)
 .rodata._printf_float.str1.1
                0x000082e0      0x1df C:/Users/lapto/Downloads/arm-gnu-toolchain-14.3.rel1-mingw-w64-x86_64-arm-none-eabi/bin/../lib/gcc/arm-none-eabi/14.3.1/../../../../arm-none-eabi/lib\libc_nano.a(libc_a-nano-vfprintf_float.o)
                                 0x12 (size before relaxing)
 .rodata._printf_i.str1.1
                0x000084bf       0x22 C:/Users/lapto/Downloads/arm-gnu-toolchain-14.3.rel1-mingw-w64-x86_64-arm-none-eabi/bin/../lib/gcc/arm-none-eabi/14.3.1/../../../../arm-none-eabi/lib\libc_nano.a(libc_a-nano-vfprintf_i.o)
 *fill*         0x000084bf        0x1 
 .rodata._printf_i
                0x000084c0       0x2c C:/Users/lapto/Downloads/arm-gnu-toolchain-14.3.rel1-mingw-w64-x86_64-arm-none-eabi/bin/../lib/gcc/arm-none-eabi/14.3.1/../../../../arm-none-eabi/lib\libc_nano.a(libc_a-nano-vfprintf_i.o)
 .rodata._scanf_float.str1.1
                0x000084ec        0x6 C:/Users/lapto/Downloads/arm-gnu-toolchain-14.3.rel1-mingw-w64-x86_64-arm-none-eabi/bin/../lib/gcc/arm-none-eabi/14.3.1/../../../../arm-none-eabi/lib\libc_nano.a(libc_a-nano-vfscanf_float.o)
 .rodata._scanf_float
                0x000084ec       0x39 C:/Users/lapto/Downloads/arm-gnu-toolchain-14.3.rel1-mingw-w64-x86_64-arm-none-eabi/bin/../lib/gcc/arm-none-eabi/14.3.1/../../../../arm-none-eabi/lib\libc_nano.a(libc_a-nano-vfscanf_float.o)
 .rodata._dtoa_r.str1.1
                0x00008525       0x92 C:/Users/lapto/Downloads/arm-gnu-toolchain-14.3.rel1-mingw-w64-x86_64-arm-none-eabi/bin/../lib/gcc/arm-none-eabi/14.3.1/../../../../arm-none-eabi/lib\libc_nano.a(libc_a-dtoa.o)
 .rodata._dtoa_r
                0x00008525        0x4 C:/Users/lapto/Downloads/arm-gnu-toolchain-14.3.rel1-mingw-w64-x86_64-arm-none-eabi/bin/../lib/gcc/arm-none-eabi/14.3.1/../../../../arm-none-eabi/lib\libc_nano.a(libc_a-dtoa.o)
 .rodata._Balloc.str1.1
                0x00008529       0x73 C:/Users/lapto/Downloads/arm-gnu-toolchain-14.3.rel1-mingw-w64-x86_64-arm-none-eabi/bin/../lib/gcc/arm-none-eabi/14.3.1/../../../../arm-none-eabi/lib\libc_nano.a(libc_a-mprec.o)
 .rodata.__multadd.str1.1
                0x00008529       0x11 C:/Users/lapto/Downloads/arm-gnu-toolchain-14.3.rel1-mingw-w64-x86_64-arm-none-eabi/bin/../lib/gcc/arm-none-eabi/14.3.1/../../../../arm-none-eabi/lib\libc_nano.a(libc_a-mprec.o)
 *fill*         0x00008529        0x3 
 .rodata.p05.0  0x0000852c        0xc C:/Users/lapto/Downloads/arm-gnu-toolchain-14.3.rel1-mingw-w64-x86_64-arm-none-eabi/bin/../lib/gcc/arm-none-eabi/14.3.1/../../../../arm-none-eabi/lib\libc_nano.a(libc_a-mprec.o)
 .rodata.__mprec_bigtens
                0x00008538       0x28 C:/Users/lapto/Downloads/arm-gnu-toolchain-14.3.rel1-mingw-w64-x86_64-arm-none-eabi/bin/../lib/gcc/arm-none-eabi/14.3.1/../../../../arm-none-eabi/lib\libc_nano.a(libc_a-mprec.o)
                0x00008538                __mprec_bigtens
 .rodata.__mprec_tens
                0x00008560       0xc8 C:/Users/lapto/Downloads/arm-gnu-toolchain-14.3.rel1-mingw-w64-x86_64-arm-none-eabi/bin/../lib/gcc/arm-none-eabi/14.3.1/../../../../arm-none-eabi/lib\libc_nano.a(libc_a-mprec.o)
                0x00008560                __mprec_tens
 .rodata._strtod_l.str1.1
                0x00008628        0xf C:/Users/lapto/Downloads/arm-gnu-toolchain-14.3.rel1-mingw-w64-x86_64-arm-none-eabi/bin/../lib/gcc/arm-none-eabi/14.3.1/../../../../arm-none-eabi/lib\libc_nano.a(libc_a-strtod.o)
 .rodata._strtod_l
                0x00008628        0x5 C:/Users/lapto/Downloads/arm-gnu-toolchain-14.3.rel1-mingw-w64-x86_64-arm-none-eabi/bin/../lib/gcc/arm-none-eabi/14.3.1/../../../../arm-none-eabi/lib\libc_nano.a(libc_a-strtod.o)
 *fill*         0x0000862d        0x3 
 .rodata.fpinan.0
                0x00008630       0x14 C:/Users/lapto/Downloads/arm-gnu-toolchain-14.3.rel1-mingw-w64-x86_64-arm-none-eabi/bin/../lib/gcc/arm-none-eabi/14.3.1/../../../../arm-none-eabi/lib\libc_nano.a(libc_a-strtod.o)
 .rodata.fpi.1  0x00008644       0x14 C:/Users/lapto/Downloads/arm-gnu-toolchain-14.3.rel1-mingw-w64-x86_64-arm-none-eabi/bin/../lib/gcc/arm-none-eabi/14.3.1/../../../../arm-none-eabi/lib\libc_nano.a(libc_a-strtod.o)
 .rodata.tinytens
                0x00008658       0x28 C:/Users/lapto/Downloads/arm-gnu-toolchain-14.3.rel1-mingw-w64-x86_64-arm-none-eabi/bin/../lib/gcc/arm-none-eabi/14.3.1/../../../../arm-none-eabi/lib\libc_nano.a(libc_a-strtod.o)
 .rodata._ctype_
                0x00008680      0x101 C:/Users/lapto/Downloads/arm-gnu-toolchain-14.3.rel1-mingw-w64-x86_64-arm-none-eabi/bin/../lib/gcc/arm-none-eabi/14.3.1/../../../../arm-none-eabi/lib\libc_nano.a(libc_a-ctype_.o)
                0x00008680                _ctype_
 .rodata._svfprintf_r.str1.1
                0x00008781       0x11 C:/Users/lapto/Downloads/arm-gnu-toolchain-14.3.rel1-mingw-w64-x86_64-arm-none-eabi/bin/../lib/gcc/arm-none-eabi/14.3.1/../../../../arm-none-eabi/lib\libc_nano.a(libc_a-nano-svfprintf.o)
 .rodata._setlocale_r.str1.1
                0x00008781        0x9 C:/Users/lapto/Downloads/arm-gnu-toolchain-14.3.rel1-mingw-w64-x86_64-arm-none-eabi/bin/../lib/gcc/arm-none-eabi/14.3.1/../../../../arm-none-eabi/lib\libc_nano.a(libc_a-locale.o)
 .rodata.str1.1
                0x00008781        0x2 C:/Users/lapto/Downloads/arm-gnu-toolchain-14.3.rel1-mingw-w64-x86_64-arm-none-eabi/bin/../lib/gcc/arm-none-eabi/14.3.1/../../../../arm-none-eabi/lib\libc_nano.a(libc_a-locale.o)
 .rodata.__assert_func.str1.1
                0x00008781       0x3d C:/Users/lapto/Downloads/arm-gnu-toolchain-14.3.rel1-mingw-w64-x86_64-arm-none-eabi/bin/../lib/gcc/arm-none-eabi/14.3.1/../../../../arm-none-eabi/lib\libc_nano.a(libc_a-assert.o)
 .rodata.__gethex.str1.1
                0x00008781       0x76 C:/Users/lapto/Downloads/arm-gnu-toolchain-14.3.rel1-mingw-w64-x86_64-arm-none-eabi/bin/../lib/gcc/arm-none-eabi/14.3.1/../../../../arm-none-eabi/lib\libc_nano.a(libc_a-gdtoa-gethex.o)
 .rodata._vfprintf_r.str1.1
                0x00008781       0x11 C:/Users/lapto/Downloads/arm-gnu-toolchain-14.3.rel1-mingw-w64-x86_64-arm-none-eabi/bin/../lib/gcc/arm-none-eabi/14.3.1/../../../../arm-none-eabi/lib\libc_nano.a(libc_a-nano-vfprintf.o)
                0x000087f8                        . = ALIGN (0x4)
 *fill*         0x00008781        0x3 

.rel.dyn        0x00008784        0x0
 .rel.iplt      0x00008784        0x0 C:/Users/lapto/Downloads/arm-gnu-toolchain-14.3.rel1-mingw-w64-x86_64-arm-none-eabi/bin/../lib/gcc/arm-none-eabi/14.3.1/../../../../arm-none-eabi/lib\libc_nano.a(libc_a-nano-vfprintf_float.o)

.ARM.extab
 *(.ARM.extab* .gnu.linkonce.armextab.*)
                0x00008784                        __exidx_start = .

.ARM.exidx
 *(.ARM.exidx* .gnu.linkonce.armexidx.*)
                0x00008784                        __exidx_end = .
                0x00008784                        _etext = .

.uninit_RESERVED
                0x40000000        0x0
 *(.bss.$RESERVED*)
                0x40000000                        . = ALIGN (0x4)
                0x40000000                        _end_uninit_RESERVED = .

.data           0x40000000      0x1c8 load address 0x00008784
 FILL mask 0xff
                0x40000000                        _data = .
 *(vtable)
 *(.ramfunc*)
 *(.data*)
 .data._impure_ptr
                0x40000000        0x4 C:/Users/lapto/Downloads/arm-gnu-toolchain-14.3.rel1-mingw-w64-x86_64-arm-none-eabi/bin/../lib/gcc/arm-none-eabi/14.3.1/../../../../arm-none-eabi/lib\libc_nano.a(libc_a-impure.o)
                0x40000000                _impure_ptr
 .data._impure_data
                0x40000004       0x4c C:/Users/lapto/Downloads/arm-gnu-toolchain-14.3.rel1-mingw-w64-x86_64-arm-none-eabi/bin/../lib/gcc/arm-none-eabi/14.3.1/../../../../arm-none-eabi/lib\libc_nano.a(libc_a-impure.o)
                0x40000004                _impure_data
 .data.__global_locale
                0x40000050      0x16c C:/Users/lapto/Downloads/arm-gnu-toolchain-14.3.rel1-mingw-w64-x86_64-arm-none-eabi/bin/../lib/gcc/arm-none-eabi/14.3.1/../../../../arm-none-eabi/lib\libc_nano.a(libc_a-locale.o)
                0x40000050                __global_locale
 .data.__sglue  0x400001bc        0xc C:/Users/lapto/Downloads/arm-gnu-toolchain-14.3.rel1-mingw-w64-x86_64-arm-none-eabi/bin/../lib/gcc/arm-none-eabi/14.3.1/../../../../arm-none-eabi/lib\libc_nano.a(libc_a-findfp.o)
                0x400001bc                __sglue
                0x400001c8                        . = ALIGN (0x4)
                0x400001c8                        _edata = .

.igot.plt       0x400001c8        0x0 load address 0x0000894c
 .igot.plt      0x400001c8        0x0 C:/Users/lapto/Downloads/arm-gnu-toolchain-14.3.rel1-mingw-w64-x86_64-arm-none-eabi/bin/../lib/gcc/arm-none-eabi/14.3.1/../../../../arm-none-eabi/lib\libc_nano.a(libc_a-nano-vfprintf_float.o)

.bss            0x400001c8      0x154 load address 0x0000894c
                0x400001c8                        _bss = .
 *(.bss*)
 .bss           0x400001c8        0x4 C:\msys64\tmp\ccrkab4c.ltrans0.ltrans.o
 .bss.__malloc_sbrk_start
                0x400001cc        0x4 C:/Users/lapto/Downloads/arm-gnu-toolchain-14.3.rel1-mingw-w64-x86_64-arm-none-eabi/bin/../lib/gcc/arm-none-eabi/14.3.1/../../../../arm-none-eabi/lib\libc_nano.a(libc_a-mallocr.o)
                0x400001cc                __malloc_sbrk_start
 .bss.__malloc_free_list
                0x400001d0        0x4 C:/Users/lapto/Downloads/arm-gnu-toolchain-14.3.rel1-mingw-w64-x86_64-arm-none-eabi/bin/../lib/gcc/arm-none-eabi/14.3.1/../../../../arm-none-eabi/lib\libc_nano.a(libc_a-mallocr.o)
                0x400001d0                __malloc_free_list
 .bss.__lock___malloc_recursive_mutex
                0x400001d4        0x1 C:/Users/lapto/Downloads/arm-gnu-toolchain-14.3.rel1-mingw-w64-x86_64-arm-none-eabi/bin/../lib/gcc/arm-none-eabi/14.3.1/../../../../arm-none-eabi/lib\libc_nano.a(libc_a-lock.o)
                0x400001d4                __lock___malloc_recursive_mutex
 .bss.__lock___sfp_recursive_mutex
                0x400001d5        0x1 C:/Users/lapto/Downloads/arm-gnu-toolchain-14.3.rel1-mingw-w64-x86_64-arm-none-eabi/bin/../lib/gcc/arm-none-eabi/14.3.1/../../../../arm-none-eabi/lib\libc_nano.a(libc_a-lock.o)
                0x400001d5                __lock___sfp_recursive_mutex
 *fill*         0x400001d6        0x2 
 .bss.errno     0x400001d8        0x4 C:/Users/lapto/Downloads/arm-gnu-toolchain-14.3.rel1-mingw-w64-x86_64-arm-none-eabi/bin/../lib/gcc/arm-none-eabi/14.3.1/../../../../arm-none-eabi/lib\libc_nano.a(libc_a-reent.o)
                0x400001d8                errno
 .bss.__sf      0x400001dc      0x138 C:/Users/lapto/Downloads/arm-gnu-toolchain-14.3.rel1-mingw-w64-x86_64-arm-none-eabi/bin/../lib/gcc/arm-none-eabi/14.3.1/../../../../arm-none-eabi/lib\libc_nano.a(libc_a-findfp.o)
                0x400001dc                __sf
 .bss.__stdio_exit_handler
                0x40000314        0x4 C:/Users/lapto/Downloads/arm-gnu-toolchain-14.3.rel1-mingw-w64-x86_64-arm-none-eabi/bin/../lib/gcc/arm-none-eabi/14.3.1/../../../../arm-none-eabi/lib\libc_nano.a(libc_a-findfp.o)
                0x40000314                __stdio_exit_handler
 .bss.heap_end.0
                0x40000318        0x4 C:/Users/lapto/Downloads/arm-gnu-toolchain-14.3.rel1-mingw-w64-x86_64-arm-none-eabi/bin/../lib/gcc/arm-none-eabi/14.3.1/../../../../arm-none-eabi/lib\libnosys.a(sbrk.o)
 *(COMMON)
                0x4000031c                        . = ALIGN (0x4)
                0x4000031c                        _ebss = .
                0x4000031c                        PROVIDE (end = .)

.noinit         0x4000031c        0x0 load address 0x0000894c
                0x4000031c                        _noinit = .
 *(.noinit*)
                0x4000031c                        . = ALIGN (0x4)
                0x4000031c                        _end_noinit = .
                [!provide]                        PROVIDE (_pvHeapStart = DEFINED (__user_heap_base)?__user_heap_base:.)
                0x40004000                        PROVIDE (_vStackTop = DEFINED (__user_stack_top)?__user_stack_top:(__top_Ram16 - 0x0))
OUTPUT(./build/T-962-controller.elf elf32-littlearm)
LOAD linker stubs

.debug_info     0x00000000       0xb0
 .debug_info    0x00000000       0x57 C:\msys64\tmp\ccrkab4c.ltrans0.ltrans.o
 .debug_info    0x00000057       0x59 C:\msys64\tmp\cc9NuyGj.debug.temp.o
                0x00000057                main.c.e1bec1fb

.debug_abbrev   0x00000000       0xac
 .debug_abbrev  0x00000000       0x42 C:\msys64\tmp\ccrkab4c.ltrans0.ltrans.o
 .debug_abbrev  0x00000042       0x6a C:\msys64\tmp\cc9NuyGj.debug.temp.o

.debug_aranges  0x00000000       0x20
 .debug_aranges
                0x00000000       0x20 C:\msys64\tmp\ccrkab4c.ltrans0.ltrans.o

.debug_rnglists
                0x00000000       0x22
 .debug_rnglists
                0x00000000       0x22 C:\msys64\tmp\ccrkab4c.ltrans0.ltrans.o

.debug_line     0x00000000       0xea
 .debug_line    0x00000000       0xb0 C:\msys64\tmp\ccrkab4c.ltrans0.ltrans.o
 .debug_line    0x000000b0       0x3a C:\msys64\tmp\cc9NuyGj.debug.temp.o

.debug_str      0x00000000      0x1b8
 .debug_str     0x00000000      0x1b8 C:\msys64\tmp\ccrkab4c.ltrans0.ltrans.o
                                 0xda (size before relaxing)
 .debug_str     0x000001b8      0x100 C:\msys64\tmp\cc9NuyGj.debug.temp.o

.comment        0x00000000       0x46
 .comment       0x00000000       0x46 C:\msys64\tmp\ccrkab4c.ltrans0.ltrans.o
                                 0x47 (size before relaxing)

.ARM.attributes
                0x00000000       0x28
 .ARM.attributes
                0x00000000       0x28 C:\msys64\tmp\ccrkab4c.ltrans0.ltrans.o
 .ARM.attributes
                0x00000028       0x2a C:/Users/lapto/Downloads/arm-gnu-toolchain-14.3.rel1-mingw-w64-x86_64-arm-none-eabi/bin/../lib/gcc/arm-none-eabi/14.3.1/../../../../arm-none-eabi/lib\libc_nano.a(libc_a-nano-vfprintf_float.o)
 .ARM.attributes
                0x00000052       0x2a C:/Users/lapto/Downloads/arm-gnu-toolchain-14.3.rel1-mingw-w64-x86_64-arm-none-eabi/bin/../lib/gcc/arm-none-eabi/14.3.1/../../../../arm-none-eabi/lib\libc_nano.a(libc_a-nano-vfprintf_i.o)
 .ARM.attributes
                0x0000007c       0x2a C:/Users/lapto/Downloads/arm-gnu-toolchain-14.3.rel1-mingw-w64-x86_64-arm-none-eabi/bin/../lib/gcc/arm-none-eabi/14.3.1/../../../../arm-none-eabi/lib\libc_nano.a(libc_a-nano-vfscanf_float.o)
 .ARM.attributes
                0x000000a6       0x2a C:/Users/lapto/Downloads/arm-gnu-toolchain-14.3.rel1-mingw-w64-x86_64-arm-none-eabi/bin/../lib/gcc/arm-none-eabi/14.3.1/../../../../arm-none-eabi/lib\libc_nano.a(libc_a-sprintf.o)
 .ARM.attributes
                0x000000d0       0x2a C:/Users/lapto/Downloads/arm-gnu-toolchain-14.3.rel1-mingw-w64-x86_64-arm-none-eabi/bin/../lib/gcc/arm-none-eabi/14.3.1/../../../../arm-none-eabi/lib\libc_nano.a(libc_a-localeconv.o)
 .ARM.attributes
                0x000000fa       0x2a C:/Users/lapto/Downloads/arm-gnu-toolchain-14.3.rel1-mingw-w64-x86_64-arm-none-eabi/bin/../lib/gcc/arm-none-eabi/14.3.1/../../../../arm-none-eabi/lib\libc_nano.a(libc_a-impure.o)
 .ARM.attributes
                0x00000124       0x2a C:/Users/lapto/Downloads/arm-gnu-toolchain-14.3.rel1-mingw-w64-x86_64-arm-none-eabi/bin/../lib/gcc/arm-none-eabi/14.3.1/../../../../arm-none-eabi/lib\libc_nano.a(libc_a-memchr-stub.o)
 .ARM.attributes
                0x0000014e       0x1c C:/Users/lapto/Downloads/arm-gnu-toolchain-14.3.rel1-mingw-w64-x86_64-arm-none-eabi/bin/../lib/gcc/arm-none-eabi/14.3.1/../../../../arm-none-eabi/lib\libc_nano.a(libc_a-strlen.o)
 .ARM.attributes
                0x0000016a       0x2a C:/Users/lapto/Downloads/arm-gnu-toolchain-14.3.rel1-mingw-w64-x86_64-arm-none-eabi/bin/../lib/gcc/arm-none-eabi/14.3.1/../../../../arm-none-eabi/lib\libc_nano.a(libm_a-sf_nan.o)
 .ARM.attributes
                0x00000194       0x2a C:/Users/lapto/Downloads/arm-gnu-toolchain-14.3.rel1-mingw-w64-x86_64-arm-none-eabi/bin/../lib/gcc/arm-none-eabi/14.3.1/../../../../arm-none-eabi/lib\libc_nano.a(libc_a-dtoa.o)
 .ARM.attributes
                0x000001be       0x2a C:/Users/lapto/Downloads/arm-gnu-toolchain-14.3.rel1-mingw-w64-x86_64-arm-none-eabi/bin/../lib/gcc/arm-none-eabi/14.3.1/../../../../arm-none-eabi/lib\libc_nano.a(libc_a-malloc.o)
 .ARM.attributes
                0x000001e8       0x2a C:/Users/lapto/Downloads/arm-gnu-toolchain-14.3.rel1-mingw-w64-x86_64-arm-none-eabi/bin/../lib/gcc/arm-none-eabi/14.3.1/../../../../arm-none-eabi/lib\libc_nano.a(libc_a-mallocr.o)
 .ARM.attributes
                0x00000212       0x2a C:/Users/lapto/Downloads/arm-gnu-toolchain-14.3.rel1-mingw-w64-x86_64-arm-none-eabi/bin/../lib/gcc/arm-none-eabi/14.3.1/../../../../arm-none-eabi/lib\libc_nano.a(libc_a-mlock.o)
 .ARM.attributes
                0x0000023c       0x2a C:/Users/lapto/Downloads/arm-gnu-toolchain-14.3.rel1-mingw-w64-x86_64-arm-none-eabi/bin/../lib/gcc/arm-none-eabi/14.3.1/../../../../arm-none-eabi/lib\libc_nano.a(libc_a-mprec.o)
 .ARM.attributes
                0x00000266       0x2a C:/Users/lapto/Downloads/arm-gnu-toolchain-14.3.rel1-mingw-w64-x86_64-arm-none-eabi/bin/../lib/gcc/arm-none-eabi/14.3.1/../../../../arm-none-eabi/lib\libc_nano.a(libc_a-strtod.o)
 .ARM.attributes
                0x00000290       0x2a C:/Users/lapto/Downloads/arm-gnu-toolchain-14.3.rel1-mingw-w64-x86_64-arm-none-eabi/bin/../lib/gcc/arm-none-eabi/14.3.1/../../../../arm-none-eabi/lib\libc_nano.a(libc_a-strtol.o)
 .ARM.attributes
                0x000002ba       0x2a C:/Users/lapto/Downloads/arm-gnu-toolchain-14.3.rel1-mingw-w64-x86_64-arm-none-eabi/bin/../lib/gcc/arm-none-eabi/14.3.1/../../../../arm-none-eabi/lib\libc_nano.a(libc_a-ctype_.o)
 .ARM.attributes
                0x000002e4       0x2a C:/Users/lapto/Downloads/arm-gnu-toolchain-14.3.rel1-mingw-w64-x86_64-arm-none-eabi/bin/../lib/gcc/arm-none-eabi/14.3.1/../../../../arm-none-eabi/lib\libc_nano.a(libc_a-nano-svfprintf.o)
 .ARM.attributes
                0x0000030e       0x2a C:/Users/lapto/Downloads/arm-gnu-toolchain-14.3.rel1-mingw-w64-x86_64-arm-none-eabi/bin/../lib/gcc/arm-none-eabi/14.3.1/../../../../arm-none-eabi/lib\libc_nano.a(libc_a-memmove.o)
 .ARM.attributes
                0x00000338       0x2a C:/Users/lapto/Downloads/arm-gnu-toolchain-14.3.rel1-mingw-w64-x86_64-arm-none-eabi/bin/../lib/gcc/arm-none-eabi/14.3.1/../../../../arm-none-eabi/lib\libc_nano.a(libc_a-strncmp.o)
 .ARM.attributes
                0x00000362       0x2a C:/Users/lapto/Downloads/arm-gnu-toolchain-14.3.rel1-mingw-w64-x86_64-arm-none-eabi/bin/../lib/gcc/arm-none-eabi/14.3.1/../../../../arm-none-eabi/lib\libc_nano.a(libc_a-locale.o)
 .ARM.attributes
                0x0000038c       0x2a C:/Users/lapto/Downloads/arm-gnu-toolchain-14.3.rel1-mingw-w64-x86_64-arm-none-eabi/bin/../lib/gcc/arm-none-eabi/14.3.1/../../../../arm-none-eabi/lib\libc_nano.a(libc_a-sbrkr.o)
 .ARM.attributes
                0x000003b6       0x2a C:/Users/lapto/Downloads/arm-gnu-toolchain-14.3.rel1-mingw-w64-x86_64-arm-none-eabi/bin/../lib/gcc/arm-none-eabi/14.3.1/../../../../arm-none-eabi/lib\libc_nano.a(libc_a-errno.o)
 .ARM.attributes
                0x000003e0       0x2a C:/Users/lapto/Downloads/arm-gnu-toolchain-14.3.rel1-mingw-w64-x86_64-arm-none-eabi/bin/../lib/gcc/arm-none-eabi/14.3.1/../../../../arm-none-eabi/lib\libc_nano.a(libc_a-lock.o)
 .ARM.attributes
                0x0000040a       0x2a C:/Users/lapto/Downloads/arm-gnu-toolchain-14.3.rel1-mingw-w64-x86_64-arm-none-eabi/bin/../lib/gcc/arm-none-eabi/14.3.1/../../../../arm-none-eabi/lib\libc_nano.a(libc_a-memcpy-stub.o)
 .ARM.attributes
                0x00000434       0x2a C:/Users/lapto/Downloads/arm-gnu-toolchain-14.3.rel1-mingw-w64-x86_64-arm-none-eabi/bin/../lib/gcc/arm-none-eabi/14.3.1/../../../../arm-none-eabi/lib\libc_nano.a(libm_a-s_nan.o)
 .ARM.attributes
                0x0000045e       0x2a C:/Users/lapto/Downloads/arm-gnu-toolchain-14.3.rel1-mingw-w64-x86_64-arm-none-eabi/bin/../lib/gcc/arm-none-eabi/14.3.1/../../../../arm-none-eabi/lib\libc_nano.a(libc_a-assert.o)
 .ARM.attributes
                0x00000488       0x2a C:/Users/lapto/Downloads/arm-gnu-toolchain-14.3.rel1-mingw-w64-x86_64-arm-none-eabi/bin/../lib/gcc/arm-none-eabi/14.3.1/../../../../arm-none-eabi/lib\libc_nano.a(libc_a-callocr.o)
 .ARM.attributes
                0x000004b2       0x2a C:/Users/lapto/Downloads/arm-gnu-toolchain-14.3.rel1-mingw-w64-x86_64-arm-none-eabi/bin/../lib/gcc/arm-none-eabi/14.3.1/../../../../arm-none-eabi/lib\libc_nano.a(libc_a-freer.o)
 .ARM.attributes
                0x000004dc       0x2a C:/Users/lapto/Downloads/arm-gnu-toolchain-14.3.rel1-mingw-w64-x86_64-arm-none-eabi/bin/../lib/gcc/arm-none-eabi/14.3.1/../../../../arm-none-eabi/lib\libc_nano.a(libc_a-gdtoa-gethex.o)
 .ARM.attributes
                0x00000506       0x2a C:/Users/lapto/Downloads/arm-gnu-toolchain-14.3.rel1-mingw-w64-x86_64-arm-none-eabi/bin/../lib/gcc/arm-none-eabi/14.3.1/../../../../arm-none-eabi/lib\libc_nano.a(libc_a-gdtoa-hexnan.o)
 .ARM.attributes
                0x00000530       0x2a C:/Users/lapto/Downloads/arm-gnu-toolchain-14.3.rel1-mingw-w64-x86_64-arm-none-eabi/bin/../lib/gcc/arm-none-eabi/14.3.1/../../../../arm-none-eabi/lib\libc_nano.a(libc_a-mbtowc_r.o)
 .ARM.attributes
                0x0000055a       0x2a C:/Users/lapto/Downloads/arm-gnu-toolchain-14.3.rel1-mingw-w64-x86_64-arm-none-eabi/bin/../lib/gcc/arm-none-eabi/14.3.1/../../../../arm-none-eabi/lib\libc_nano.a(libc_a-reallocr.o)
 .ARM.attributes
                0x00000584       0x2a C:/Users/lapto/Downloads/arm-gnu-toolchain-14.3.rel1-mingw-w64-x86_64-arm-none-eabi/bin/../lib/gcc/arm-none-eabi/14.3.1/../../../../arm-none-eabi/lib\libc_nano.a(libc_a-wctomb_r.o)
 .ARM.attributes
                0x000005ae       0x2a C:/Users/lapto/Downloads/arm-gnu-toolchain-14.3.rel1-mingw-w64-x86_64-arm-none-eabi/bin/../lib/gcc/arm-none-eabi/14.3.1/../../../../arm-none-eabi/lib\libc_nano.a(libc_a-fprintf.o)
 .ARM.attributes
                0x000005d8       0x2a C:/Users/lapto/Downloads/arm-gnu-toolchain-14.3.rel1-mingw-w64-x86_64-arm-none-eabi/bin/../lib/gcc/arm-none-eabi/14.3.1/../../../../arm-none-eabi/lib\libc_nano.a(libc_a-memset.o)
 .ARM.attributes
                0x00000602       0x2a C:/Users/lapto/Downloads/arm-gnu-toolchain-14.3.rel1-mingw-w64-x86_64-arm-none-eabi/bin/../lib/gcc/arm-none-eabi/14.3.1/../../../../arm-none-eabi/lib\libc_nano.a(libc_a-reent.o)
 .ARM.attributes
                0x0000062c       0x2a C:/Users/lapto/Downloads/arm-gnu-toolchain-14.3.rel1-mingw-w64-x86_64-arm-none-eabi/bin/../lib/gcc/arm-none-eabi/14.3.1/../../../../arm-none-eabi/lib\libc_nano.a(libc_a-abort.o)
 .ARM.attributes
                0x00000656       0x2a C:/Users/lapto/Downloads/arm-gnu-toolchain-14.3.rel1-mingw-w64-x86_64-arm-none-eabi/bin/../lib/gcc/arm-none-eabi/14.3.1/../../../../arm-none-eabi/lib\libc_nano.a(libc_a-msizer.o)
 .ARM.attributes
                0x00000680       0x2a C:/Users/lapto/Downloads/arm-gnu-toolchain-14.3.rel1-mingw-w64-x86_64-arm-none-eabi/bin/../lib/gcc/arm-none-eabi/14.3.1/../../../../arm-none-eabi/lib\libc_nano.a(libc_a-nano-vfprintf.o)
 .ARM.attributes
                0x000006aa       0x2a C:/Users/lapto/Downloads/arm-gnu-toolchain-14.3.rel1-mingw-w64-x86_64-arm-none-eabi/bin/../lib/gcc/arm-none-eabi/14.3.1/../../../../arm-none-eabi/lib\libc_nano.a(libc_a-findfp.o)
 .ARM.attributes
                0x000006d4       0x2a C:/Users/lapto/Downloads/arm-gnu-toolchain-14.3.rel1-mingw-w64-x86_64-arm-none-eabi/bin/../lib/gcc/arm-none-eabi/14.3.1/../../../../arm-none-eabi/lib\libc_nano.a(libc_a-fwalk.o)
 .ARM.attributes
                0x000006fe       0x2a C:/Users/lapto/Downloads/arm-gnu-toolchain-14.3.rel1-mingw-w64-x86_64-arm-none-eabi/bin/../lib/gcc/arm-none-eabi/14.3.1/../../../../arm-none-eabi/lib\libc_nano.a(libc_a-stdio.o)
 .ARM.attributes
                0x00000728       0x2a C:/Users/lapto/Downloads/arm-gnu-toolchain-14.3.rel1-mingw-w64-x86_64-arm-none-eabi/bin/../lib/gcc/arm-none-eabi/14.3.1/../../../../arm-none-eabi/lib\libc_nano.a(libc_a-wbuf.o)
 .ARM.attributes
                0x00000752       0x2a C:/Users/lapto/Downloads/arm-gnu-toolchain-14.3.rel1-mingw-w64-x86_64-arm-none-eabi/bin/../lib/gcc/arm-none-eabi/14.3.1/../../../../arm-none-eabi/lib\libc_nano.a(libc_a-wsetup.o)
 .ARM.attributes
                0x0000077c       0x2a C:/Users/lapto/Downloads/arm-gnu-toolchain-14.3.rel1-mingw-w64-x86_64-arm-none-eabi/bin/../lib/gcc/arm-none-eabi/14.3.1/../../../../arm-none-eabi/lib\libc_nano.a(libc_a-signal.o)
 .ARM.attributes
                0x000007a6       0x2a C:/Users/lapto/Downloads/arm-gnu-toolchain-14.3.rel1-mingw-w64-x86_64-arm-none-eabi/bin/../lib/gcc/arm-none-eabi/14.3.1/../../../../arm-none-eabi/lib\libc_nano.a(libc_a-closer.o)
 .ARM.attributes
                0x000007d0       0x2a C:/Users/lapto/Downloads/arm-gnu-toolchain-14.3.rel1-mingw-w64-x86_64-arm-none-eabi/bin/../lib/gcc/arm-none-eabi/14.3.1/../../../../arm-none-eabi/lib\libc_nano.a(libc_a-lseekr.o)
 .ARM.attributes
                0x000007fa       0x2a C:/Users/lapto/Downloads/arm-gnu-toolchain-14.3.rel1-mingw-w64-x86_64-arm-none-eabi/bin/../lib/gcc/arm-none-eabi/14.3.1/../../../../arm-none-eabi/lib\libc_nano.a(libc_a-readr.o)
 .ARM.attributes
                0x00000824       0x2a C:/Users/lapto/Downloads/arm-gnu-toolchain-14.3.rel1-mingw-w64-x86_64-arm-none-eabi/bin/../lib/gcc/arm-none-eabi/14.3.1/../../../../arm-none-eabi/lib\libc_nano.a(libc_a-signalr.o)
 .ARM.attributes
                0x0000084e       0x2a C:/Users/lapto/Downloads/arm-gnu-toolchain-14.3.rel1-mingw-w64-x86_64-arm-none-eabi/bin/../lib/gcc/arm-none-eabi/14.3.1/../../../../arm-none-eabi/lib\libc_nano.a(libc_a-writer.o)
 .ARM.attributes
                0x00000878       0x2a C:/Users/lapto/Downloads/arm-gnu-toolchain-14.3.rel1-mingw-w64-x86_64-arm-none-eabi/bin/../lib/gcc/arm-none-eabi/14.3.1/../../../../arm-none-eabi/lib\libc_nano.a(libc_a-fflush.o)
 .ARM.attributes
                0x000008a2       0x2a C:/Users/lapto/Downloads/arm-gnu-toolchain-14.3.rel1-mingw-w64-x86_64-arm-none-eabi/bin/../lib/gcc/arm-none-eabi/14.3.1/../../../../arm-none-eabi/lib\libc_nano.a(libc_a-makebuf.o)
 .ARM.attributes
                0x000008cc       0x2a C:/Users/lapto/Downloads/arm-gnu-toolchain-14.3.rel1-mingw-w64-x86_64-arm-none-eabi/bin/../lib/gcc/arm-none-eabi/14.3.1/../../../../arm-none-eabi/lib\libc_nano.a(libc_a-fstatr.o)
 .ARM.attributes
                0x000008f6       0x2a C:/Users/lapto/Downloads/arm-gnu-toolchain-14.3.rel1-mingw-w64-x86_64-arm-none-eabi/bin/../lib/gcc/arm-none-eabi/14.3.1/../../../../arm-none-eabi/lib\libc_nano.a(libc_a-isattyr.o)
 .ARM.attributes
                0x00000920       0x2a C:/Users/lapto/Downloads/arm-gnu-toolchain-14.3.rel1-mingw-w64-x86_64-arm-none-eabi/bin/../lib/gcc/arm-none-eabi/14.3.1/../../../../arm-none-eabi/lib\libnosys.a(close.o)
 .ARM.attributes
                0x0000094a       0x2a C:/Users/lapto/Downloads/arm-gnu-toolchain-14.3.rel1-mingw-w64-x86_64-arm-none-eabi/bin/../lib/gcc/arm-none-eabi/14.3.1/../../../../arm-none-eabi/lib\libnosys.a(fstat.o)
 .ARM.attributes
                0x00000974       0x2a C:/Users/lapto/Downloads/arm-gnu-toolchain-14.3.rel1-mingw-w64-x86_64-arm-none-eabi/bin/../lib/gcc/arm-none-eabi/14.3.1/../../../../arm-none-eabi/lib\libnosys.a(getpid.o)
 .ARM.attributes
                0x0000099e       0x2a C:/Users/lapto/Downloads/arm-gnu-toolchain-14.3.rel1-mingw-w64-x86_64-arm-none-eabi/bin/../lib/gcc/arm-none-eabi/14.3.1/../../../../arm-none-eabi/lib\libnosys.a(isatty.o)
 .ARM.attributes
                0x000009c8       0x2a C:/Users/lapto/Downloads/arm-gnu-toolchain-14.3.rel1-mingw-w64-x86_64-arm-none-eabi/bin/../lib/gcc/arm-none-eabi/14.3.1/../../../../arm-none-eabi/lib\libnosys.a(kill.o)
 .ARM.attributes
                0x000009f2       0x2a C:/Users/lapto/Downloads/arm-gnu-toolchain-14.3.rel1-mingw-w64-x86_64-arm-none-eabi/bin/../lib/gcc/arm-none-eabi/14.3.1/../../../../arm-none-eabi/lib\libnosys.a(lseek.o)
 .ARM.attributes
                0x00000a1c       0x2a C:/Users/lapto/Downloads/arm-gnu-toolchain-14.3.rel1-mingw-w64-x86_64-arm-none-eabi/bin/../lib/gcc/arm-none-eabi/14.3.1/../../../../arm-none-eabi/lib\libnosys.a(read.o)
 .ARM.attributes
                0x00000a46       0x2a C:/Users/lapto/Downloads/arm-gnu-toolchain-14.3.rel1-mingw-w64-x86_64-arm-none-eabi/bin/../lib/gcc/arm-none-eabi/14.3.1/../../../../arm-none-eabi/lib\libnosys.a(sbrk.o)
 .ARM.attributes
                0x00000a70       0x2a C:/Users/lapto/Downloads/arm-gnu-toolchain-14.3.rel1-mingw-w64-x86_64-arm-none-eabi/bin/../lib/gcc/arm-none-eabi/14.3.1/../../../../arm-none-eabi/lib\libnosys.a(write.o)
 .ARM.attributes
                0x00000a9a       0x2a C:/Users/lapto/Downloads/arm-gnu-toolchain-14.3.rel1-mingw-w64-x86_64-arm-none-eabi/bin/../lib/gcc/arm-none-eabi/14.3.1/../../../../arm-none-eabi/lib\libnosys.a(_exit.o)
 .ARM.attributes
                0x00000ac4       0x1c C:/Users/lapto/Downloads/arm-gnu-toolchain-14.3.rel1-mingw-w64-x86_64-arm-none-eabi/bin/../lib/gcc/arm-none-eabi/14.3.1\libgcc.a(_udivsi3.o)
 .ARM.attributes
                0x00000ae0       0x1c C:/Users/lapto/Downloads/arm-gnu-toolchain-14.3.rel1-mingw-w64-x86_64-arm-none-eabi/bin/../lib/gcc/arm-none-eabi/14.3.1\libgcc.a(_divsi3.o)
 .ARM.attributes
                0x00000afc       0x1c C:/Users/lapto/Downloads/arm-gnu-toolchain-14.3.rel1-mingw-w64-x86_64-arm-none-eabi/bin/../lib/gcc/arm-none-eabi/14.3.1\libgcc.a(_dvmd_tls.o)
 .ARM.attributes
                0x00000b18       0x1c C:/Users/lapto/Downloads/arm-gnu-toolchain-14.3.rel1-mingw-w64-x86_64-arm-none-eabi/bin/../lib/gcc/arm-none-eabi/14.3.1\libgcc.a(_arm_addsubdf3.o)
 .ARM.attributes
                0x00000b34       0x1c C:/Users/lapto/Downloads/arm-gnu-toolchain-14.3.rel1-mingw-w64-x86_64-arm-none-eabi/bin/../lib/gcc/arm-none-eabi/14.3.1\libgcc.a(_arm_muldivdf3.o)
 .ARM.attributes
                0x00000b50       0x1c C:/Users/lapto/Downloads/arm-gnu-toolchain-14.3.rel1-mingw-w64-x86_64-arm-none-eabi/bin/../lib/gcc/arm-none-eabi/14.3.1\libgcc.a(_arm_cmpdf2.o)
 .ARM.attributes
                0x00000b6c       0x1c C:/Users/lapto/Downloads/arm-gnu-toolchain-14.3.rel1-mingw-w64-x86_64-arm-none-eabi/bin/../lib/gcc/arm-none-eabi/14.3.1\libgcc.a(_arm_unorddf2.o)
 .ARM.attributes
                0x00000b88       0x1c C:/Users/lapto/Downloads/arm-gnu-toolchain-14.3.rel1-mingw-w64-x86_64-arm-none-eabi/bin/../lib/gcc/arm-none-eabi/14.3.1\libgcc.a(_arm_fixdfsi.o)
 .ARM.attributes
                0x00000ba4       0x1c C:/Users/lapto/Downloads/arm-gnu-toolchain-14.3.rel1-mingw-w64-x86_64-arm-none-eabi/bin/../lib/gcc/arm-none-eabi/14.3.1\libgcc.a(_arm_fixunsdfsi.o)
 .ARM.attributes
                0x00000bc0       0x1c C:/Users/lapto/Downloads/arm-gnu-toolchain-14.3.rel1-mingw-w64-x86_64-arm-none-eabi/bin/../lib/gcc/arm-none-eabi/14.3.1\libgcc.a(_arm_truncdfsf2.o)
 .ARM.attributes
                0x00000bdc       0x2a C:/Users/lapto/Downloads/arm-gnu-toolchain-14.3.rel1-mingw-w64-x86_64-arm-none-eabi/bin/../lib/gcc/arm-none-eabi/14.3.1\libgcc.a(_fixdfdi.o)
 .ARM.attributes
                0x00000c06       0x2a C:/Users/lapto/Downloads/arm-gnu-toolchain-14.3.rel1-mingw-w64-x86_64-arm-none-eabi/bin/../lib/gcc/arm-none-eabi/14.3.1\libgcc.a(_fixunsdfdi.o)

.debug_frame    0x00000000     0x19dc
 .debug_frame   0x00000000       0x20 C:\msys64\tmp\ccrkab4c.ltrans0.ltrans.o
 .debug_frame   0x00000020       0xb8 C:/Users/lapto/Downloads/arm-gnu-toolchain-14.3.rel1-mingw-w64-x86_64-arm-none-eabi/bin/../lib/gcc/arm-none-eabi/14.3.1/../../../../arm-none-eabi/lib\libc_nano.a(libc_a-nano-vfprintf_float.o)
 .debug_frame   0x000000d8       0x80 C:/Users/lapto/Downloads/arm-gnu-toolchain-14.3.rel1-mingw-w64-x86_64-arm-none-eabi/bin/../lib/gcc/arm-none-eabi/14.3.1/../../../../arm-none-eabi/lib\libc_nano.a(libc_a-nano-vfprintf_i.o)
 .debug_frame   0x00000158       0x4c C:/Users/lapto/Downloads/arm-gnu-toolchain-14.3.rel1-mingw-w64-x86_64-arm-none-eabi/bin/../lib/gcc/arm-none-eabi/14.3.1/../../../../arm-none-eabi/lib\libc_nano.a(libc_a-nano-vfscanf_float.o)
 .debug_frame   0x000001a4       0x74 C:/Users/lapto/Downloads/arm-gnu-toolchain-14.3.rel1-mingw-w64-x86_64-arm-none-eabi/bin/../lib/gcc/arm-none-eabi/14.3.1/../../../../arm-none-eabi/lib\libc_nano.a(libc_a-sprintf.o)
 .debug_frame   0x00000218       0x40 C:/Users/lapto/Downloads/arm-gnu-toolchain-14.3.rel1-mingw-w64-x86_64-arm-none-eabi/bin/../lib/gcc/arm-none-eabi/14.3.1/../../../../arm-none-eabi/lib\libc_nano.a(libc_a-localeconv.o)
 .debug_frame   0x00000258       0x20 C:/Users/lapto/Downloads/arm-gnu-toolchain-14.3.rel1-mingw-w64-x86_64-arm-none-eabi/bin/../lib/gcc/arm-none-eabi/14.3.1/../../../../arm-none-eabi/lib\libc_nano.a(libc_a-memchr-stub.o)
 .debug_frame   0x00000278       0x20 C:/Users/lapto/Downloads/arm-gnu-toolchain-14.3.rel1-mingw-w64-x86_64-arm-none-eabi/bin/../lib/gcc/arm-none-eabi/14.3.1/../../../../arm-none-eabi/lib\libc_nano.a(libm_a-sf_nan.o)
 .debug_frame   0x00000298       0x88 C:/Users/lapto/Downloads/arm-gnu-toolchain-14.3.rel1-mingw-w64-x86_64-arm-none-eabi/bin/../lib/gcc/arm-none-eabi/14.3.1/../../../../arm-none-eabi/lib\libc_nano.a(libc_a-dtoa.o)
 .debug_frame   0x00000320       0x48 C:/Users/lapto/Downloads/arm-gnu-toolchain-14.3.rel1-mingw-w64-x86_64-arm-none-eabi/bin/../lib/gcc/arm-none-eabi/14.3.1/../../../../arm-none-eabi/lib\libc_nano.a(libc_a-malloc.o)
 .debug_frame   0x00000368       0x68 C:/Users/lapto/Downloads/arm-gnu-toolchain-14.3.rel1-mingw-w64-x86_64-arm-none-eabi/bin/../lib/gcc/arm-none-eabi/14.3.1/../../../../arm-none-eabi/lib\libc_nano.a(libc_a-mallocr.o)
 .debug_frame   0x000003d0       0x48 C:/Users/lapto/Downloads/arm-gnu-toolchain-14.3.rel1-mingw-w64-x86_64-arm-none-eabi/bin/../lib/gcc/arm-none-eabi/14.3.1/../../../../arm-none-eabi/lib\libc_nano.a(libc_a-mlock.o)
 .debug_frame   0x00000418      0x2e4 C:/Users/lapto/Downloads/arm-gnu-toolchain-14.3.rel1-mingw-w64-x86_64-arm-none-eabi/bin/../lib/gcc/arm-none-eabi/14.3.1/../../../../arm-none-eabi/lib\libc_nano.a(libc_a-mprec.o)
 .debug_frame   0x000006fc      0x10c C:/Users/lapto/Downloads/arm-gnu-toolchain-14.3.rel1-mingw-w64-x86_64-arm-none-eabi/bin/../lib/gcc/arm-none-eabi/14.3.1/../../../../arm-none-eabi/lib\libc_nano.a(libc_a-strtod.o)
 .debug_frame   0x00000808       0x78 C:/Users/lapto/Downloads/arm-gnu-toolchain-14.3.rel1-mingw-w64-x86_64-arm-none-eabi/bin/../lib/gcc/arm-none-eabi/14.3.1/../../../../arm-none-eabi/lib\libc_nano.a(libc_a-strtol.o)
 .debug_frame   0x00000880       0xbc C:/Users/lapto/Downloads/arm-gnu-toolchain-14.3.rel1-mingw-w64-x86_64-arm-none-eabi/bin/../lib/gcc/arm-none-eabi/14.3.1/../../../../arm-none-eabi/lib\libc_nano.a(libc_a-nano-svfprintf.o)
 .debug_frame   0x0000093c       0x20 C:/Users/lapto/Downloads/arm-gnu-toolchain-14.3.rel1-mingw-w64-x86_64-arm-none-eabi/bin/../lib/gcc/arm-none-eabi/14.3.1/../../../../arm-none-eabi/lib\libc_nano.a(libc_a-memmove.o)
 .debug_frame   0x0000095c       0x2c C:/Users/lapto/Downloads/arm-gnu-toolchain-14.3.rel1-mingw-w64-x86_64-arm-none-eabi/bin/../lib/gcc/arm-none-eabi/14.3.1/../../../../arm-none-eabi/lib\libc_nano.a(libc_a-strncmp.o)
 .debug_frame   0x00000988       0x50 C:/Users/lapto/Downloads/arm-gnu-toolchain-14.3.rel1-mingw-w64-x86_64-arm-none-eabi/bin/../lib/gcc/arm-none-eabi/14.3.1/../../../../arm-none-eabi/lib\libc_nano.a(libc_a-locale.o)
 .debug_frame   0x000009d8       0x34 C:/Users/lapto/Downloads/arm-gnu-toolchain-14.3.rel1-mingw-w64-x86_64-arm-none-eabi/bin/../lib/gcc/arm-none-eabi/14.3.1/../../../../arm-none-eabi/lib\libc_nano.a(libc_a-sbrkr.o)
 .debug_frame   0x00000a0c       0x20 C:/Users/lapto/Downloads/arm-gnu-toolchain-14.3.rel1-mingw-w64-x86_64-arm-none-eabi/bin/../lib/gcc/arm-none-eabi/14.3.1/../../../../arm-none-eabi/lib\libc_nano.a(libc_a-errno.o)
 .debug_frame   0x00000a2c       0xb0 C:/Users/lapto/Downloads/arm-gnu-toolchain-14.3.rel1-mingw-w64-x86_64-arm-none-eabi/bin/../lib/gcc/arm-none-eabi/14.3.1/../../../../arm-none-eabi/lib\libc_nano.a(libc_a-lock.o)
 .debug_frame   0x00000adc       0x20 C:/Users/lapto/Downloads/arm-gnu-toolchain-14.3.rel1-mingw-w64-x86_64-arm-none-eabi/bin/../lib/gcc/arm-none-eabi/14.3.1/../../../../arm-none-eabi/lib\libc_nano.a(libc_a-memcpy-stub.o)
 .debug_frame   0x00000afc       0x20 C:/Users/lapto/Downloads/arm-gnu-toolchain-14.3.rel1-mingw-w64-x86_64-arm-none-eabi/bin/../lib/gcc/arm-none-eabi/14.3.1/../../../../arm-none-eabi/lib\libc_nano.a(libm_a-s_nan.o)
 .debug_frame   0x00000b1c       0x40 C:/Users/lapto/Downloads/arm-gnu-toolchain-14.3.rel1-mingw-w64-x86_64-arm-none-eabi/bin/../lib/gcc/arm-none-eabi/14.3.1/../../../../arm-none-eabi/lib\libc_nano.a(libc_a-assert.o)
 .debug_frame   0x00000b5c       0x38 C:/Users/lapto/Downloads/arm-gnu-toolchain-14.3.rel1-mingw-w64-x86_64-arm-none-eabi/bin/../lib/gcc/arm-none-eabi/14.3.1/../../../../arm-none-eabi/lib\libc_nano.a(libc_a-callocr.o)
 .debug_frame   0x00000b94       0x38 C:/Users/lapto/Downloads/arm-gnu-toolchain-14.3.rel1-mingw-w64-x86_64-arm-none-eabi/bin/../lib/gcc/arm-none-eabi/14.3.1/../../../../arm-none-eabi/lib\libc_nano.a(libc_a-freer.o)
 .debug_frame   0x00000bcc       0x8c C:/Users/lapto/Downloads/arm-gnu-toolchain-14.3.rel1-mingw-w64-x86_64-arm-none-eabi/bin/../lib/gcc/arm-none-eabi/14.3.1/../../../../arm-none-eabi/lib\libc_nano.a(libc_a-gdtoa-gethex.o)
 .debug_frame   0x00000c58       0x8c C:/Users/lapto/Downloads/arm-gnu-toolchain-14.3.rel1-mingw-w64-x86_64-arm-none-eabi/bin/../lib/gcc/arm-none-eabi/14.3.1/../../../../arm-none-eabi/lib\libc_nano.a(libc_a-gdtoa-hexnan.o)
 .debug_frame   0x00000ce4       0x44 C:/Users/lapto/Downloads/arm-gnu-toolchain-14.3.rel1-mingw-w64-x86_64-arm-none-eabi/bin/../lib/gcc/arm-none-eabi/14.3.1/../../../../arm-none-eabi/lib\libc_nano.a(libc_a-mbtowc_r.o)
 .debug_frame   0x00000d28       0x3c C:/Users/lapto/Downloads/arm-gnu-toolchain-14.3.rel1-mingw-w64-x86_64-arm-none-eabi/bin/../lib/gcc/arm-none-eabi/14.3.1/../../../../arm-none-eabi/lib\libc_nano.a(libc_a-reallocr.o)
 .debug_frame   0x00000d64       0x3c C:/Users/lapto/Downloads/arm-gnu-toolchain-14.3.rel1-mingw-w64-x86_64-arm-none-eabi/bin/../lib/gcc/arm-none-eabi/14.3.1/../../../../arm-none-eabi/lib\libc_nano.a(libc_a-wctomb_r.o)
 .debug_frame   0x00000da0       0x64 C:/Users/lapto/Downloads/arm-gnu-toolchain-14.3.rel1-mingw-w64-x86_64-arm-none-eabi/bin/../lib/gcc/arm-none-eabi/14.3.1/../../../../arm-none-eabi/lib\libc_nano.a(libc_a-fprintf.o)
 .debug_frame   0x00000e04       0x20 C:/Users/lapto/Downloads/arm-gnu-toolchain-14.3.rel1-mingw-w64-x86_64-arm-none-eabi/bin/../lib/gcc/arm-none-eabi/14.3.1/../../../../arm-none-eabi/lib\libc_nano.a(libc_a-memset.o)
 .debug_frame   0x00000e24       0x40 C:/Users/lapto/Downloads/arm-gnu-toolchain-14.3.rel1-mingw-w64-x86_64-arm-none-eabi/bin/../lib/gcc/arm-none-eabi/14.3.1/../../../../arm-none-eabi/lib\libc_nano.a(libc_a-reent.o)
 .debug_frame   0x00000e64       0x28 C:/Users/lapto/Downloads/arm-gnu-toolchain-14.3.rel1-mingw-w64-x86_64-arm-none-eabi/bin/../lib/gcc/arm-none-eabi/14.3.1/../../../../arm-none-eabi/lib\libc_nano.a(libc_a-abort.o)
 .debug_frame   0x00000e8c       0x20 C:/Users/lapto/Downloads/arm-gnu-toolchain-14.3.rel1-mingw-w64-x86_64-arm-none-eabi/bin/../lib/gcc/arm-none-eabi/14.3.1/../../../../arm-none-eabi/lib\libc_nano.a(libc_a-msizer.o)
 .debug_frame   0x00000eac       0xc0 C:/Users/lapto/Downloads/arm-gnu-toolchain-14.3.rel1-mingw-w64-x86_64-arm-none-eabi/bin/../lib/gcc/arm-none-eabi/14.3.1/../../../../arm-none-eabi/lib\libc_nano.a(libc_a-nano-vfprintf.o)
 .debug_frame   0x00000f6c      0x178 C:/Users/lapto/Downloads/arm-gnu-toolchain-14.3.rel1-mingw-w64-x86_64-arm-none-eabi/bin/../lib/gcc/arm-none-eabi/14.3.1/../../../../arm-none-eabi/lib\libc_nano.a(libc_a-findfp.o)
 .debug_frame   0x000010e4       0x44 C:/Users/lapto/Downloads/arm-gnu-toolchain-14.3.rel1-mingw-w64-x86_64-arm-none-eabi/bin/../lib/gcc/arm-none-eabi/14.3.1/../../../../arm-none-eabi/lib\libc_nano.a(libc_a-fwalk.o)
 .debug_frame   0x00001128       0x9c C:/Users/lapto/Downloads/arm-gnu-toolchain-14.3.rel1-mingw-w64-x86_64-arm-none-eabi/bin/../lib/gcc/arm-none-eabi/14.3.1/../../../../arm-none-eabi/lib\libc_nano.a(libc_a-stdio.o)
 .debug_frame   0x000011c4       0x4c C:/Users/lapto/Downloads/arm-gnu-toolchain-14.3.rel1-mingw-w64-x86_64-arm-none-eabi/bin/../lib/gcc/arm-none-eabi/14.3.1/../../../../arm-none-eabi/lib\libc_nano.a(libc_a-wbuf.o)
 .debug_frame   0x00001210       0x38 C:/Users/lapto/Downloads/arm-gnu-toolchain-14.3.rel1-mingw-w64-x86_64-arm-none-eabi/bin/../lib/gcc/arm-none-eabi/14.3.1/../../../../arm-none-eabi/lib\libc_nano.a(libc_a-wsetup.o)
 .debug_frame   0x00001248       0xec C:/Users/lapto/Downloads/arm-gnu-toolchain-14.3.rel1-mingw-w64-x86_64-arm-none-eabi/bin/../lib/gcc/arm-none-eabi/14.3.1/../../../../arm-none-eabi/lib\libc_nano.a(libc_a-signal.o)
 .debug_frame   0x00001334       0x34 C:/Users/lapto/Downloads/arm-gnu-toolchain-14.3.rel1-mingw-w64-x86_64-arm-none-eabi/bin/../lib/gcc/arm-none-eabi/14.3.1/../../../../arm-none-eabi/lib\libc_nano.a(libc_a-closer.o)
 .debug_frame   0x00001368       0x34 C:/Users/lapto/Downloads/arm-gnu-toolchain-14.3.rel1-mingw-w64-x86_64-arm-none-eabi/bin/../lib/gcc/arm-none-eabi/14.3.1/../../../../arm-none-eabi/lib\libc_nano.a(libc_a-lseekr.o)
 .debug_frame   0x0000139c       0x34 C:/Users/lapto/Downloads/arm-gnu-toolchain-14.3.rel1-mingw-w64-x86_64-arm-none-eabi/bin/../lib/gcc/arm-none-eabi/14.3.1/../../../../arm-none-eabi/lib\libc_nano.a(libc_a-readr.o)
 .debug_frame   0x000013d0       0x50 C:/Users/lapto/Downloads/arm-gnu-toolchain-14.3.rel1-mingw-w64-x86_64-arm-none-eabi/bin/../lib/gcc/arm-none-eabi/14.3.1/../../../../arm-none-eabi/lib\libc_nano.a(libc_a-signalr.o)
 .debug_frame   0x00001420       0x34 C:/Users/lapto/Downloads/arm-gnu-toolchain-14.3.rel1-mingw-w64-x86_64-arm-none-eabi/bin/../lib/gcc/arm-none-eabi/14.3.1/../../../../arm-none-eabi/lib\libc_nano.a(libc_a-writer.o)
 .debug_frame   0x00001454       0x80 C:/Users/lapto/Downloads/arm-gnu-toolchain-14.3.rel1-mingw-w64-x86_64-arm-none-eabi/bin/../lib/gcc/arm-none-eabi/14.3.1/../../../../arm-none-eabi/lib\libc_nano.a(libc_a-fflush.o)
 .debug_frame   0x000014d4       0x64 C:/Users/lapto/Downloads/arm-gnu-toolchain-14.3.rel1-mingw-w64-x86_64-arm-none-eabi/bin/../lib/gcc/arm-none-eabi/14.3.1/../../../../arm-none-eabi/lib\libc_nano.a(libc_a-makebuf.o)
 .debug_frame   0x00001538       0x34 C:/Users/lapto/Downloads/arm-gnu-toolchain-14.3.rel1-mingw-w64-x86_64-arm-none-eabi/bin/../lib/gcc/arm-none-eabi/14.3.1/../../../../arm-none-eabi/lib\libc_nano.a(libc_a-fstatr.o)
 .debug_frame   0x0000156c       0x34 C:/Users/lapto/Downloads/arm-gnu-toolchain-14.3.rel1-mingw-w64-x86_64-arm-none-eabi/bin/../lib/gcc/arm-none-eabi/14.3.1/../../../../arm-none-eabi/lib\libc_nano.a(libc_a-isattyr.o)
 .debug_frame   0x000015a0       0x20 C:/Users/lapto/Downloads/arm-gnu-toolchain-14.3.rel1-mingw-w64-x86_64-arm-none-eabi/bin/../lib/gcc/arm-none-eabi/14.3.1/../../../../arm-none-eabi/lib\libnosys.a(close.o)
 .debug_frame   0x000015c0       0x20 C:/Users/lapto/Downloads/arm-gnu-toolchain-14.3.rel1-mingw-w64-x86_64-arm-none-eabi/bin/../lib/gcc/arm-none-eabi/14.3.1/../../../../arm-none-eabi/lib\libnosys.a(fstat.o)
 .debug_frame   0x000015e0       0x20 C:/Users/lapto/Downloads/arm-gnu-toolchain-14.3.rel1-mingw-w64-x86_64-arm-none-eabi/bin/../lib/gcc/arm-none-eabi/14.3.1/../../../../arm-none-eabi/lib\libnosys.a(getpid.o)
 .debug_frame   0x00001600       0x20 C:/Users/lapto/Downloads/arm-gnu-toolchain-14.3.rel1-mingw-w64-x86_64-arm-none-eabi/bin/../lib/gcc/arm-none-eabi/14.3.1/../../../../arm-none-eabi/lib\libnosys.a(isatty.o)
 .debug_frame   0x00001620       0x20 C:/Users/lapto/Downloads/arm-gnu-toolchain-14.3.rel1-mingw-w64-x86_64-arm-none-eabi/bin/../lib/gcc/arm-none-eabi/14.3.1/../../../../arm-none-eabi/lib\libnosys.a(kill.o)
 .debug_frame   0x00001640       0x20 C:/Users/lapto/Downloads/arm-gnu-toolchain-14.3.rel1-mingw-w64-x86_64-arm-none-eabi/bin/../lib/gcc/arm-none-eabi/14.3.1/../../../../arm-none-eabi/lib\libnosys.a(lseek.o)
 .debug_frame   0x00001660       0x20 C:/Users/lapto/Downloads/arm-gnu-toolchain-14.3.rel1-mingw-w64-x86_64-arm-none-eabi/bin/../lib/gcc/arm-none-eabi/14.3.1/../../../../arm-none-eabi/lib\libnosys.a(read.o)
 .debug_frame   0x00001680       0x20 C:/Users/lapto/Downloads/arm-gnu-toolchain-14.3.rel1-mingw-w64-x86_64-arm-none-eabi/bin/../lib/gcc/arm-none-eabi/14.3.1/../../../../arm-none-eabi/lib\libnosys.a(sbrk.o)
 .debug_frame   0x000016a0       0x20 C:/Users/lapto/Downloads/arm-gnu-toolchain-14.3.rel1-mingw-w64-x86_64-arm-none-eabi/bin/../lib/gcc/arm-none-eabi/14.3.1/../../../../arm-none-eabi/lib\libnosys.a(write.o)
 .debug_frame   0x000016c0       0x20 C:/Users/lapto/Downloads/arm-gnu-toolchain-14.3.rel1-mingw-w64-x86_64-arm-none-eabi/bin/../lib/gcc/arm-none-eabi/14.3.1/../../../../arm-none-eabi/lib\libnosys.a(_exit.o)
 .debug_frame   0x000016e0       0x20 C:/Users/lapto/Downloads/arm-gnu-toolchain-14.3.rel1-mingw-w64-x86_64-arm-none-eabi/bin/../lib/gcc/arm-none-eabi/14.3.1\libgcc.a(_udivsi3.o)
 .debug_frame   0x00001700       0x20 C:/Users/lapto/Downloads/arm-gnu-toolchain-14.3.rel1-mingw-w64-x86_64-arm-none-eabi/bin/../lib/gcc/arm-none-eabi/14.3.1\libgcc.a(_divsi3.o)
 .debug_frame   0x00001720       0xac C:/Users/lapto/Downloads/arm-gnu-toolchain-14.3.rel1-mingw-w64-x86_64-arm-none-eabi/bin/../lib/gcc/arm-none-eabi/14.3.1\libgcc.a(_arm_addsubdf3.o)
 .debug_frame   0x000017cc       0x50 C:/Users/lapto/Downloads/arm-gnu-toolchain-14.3.rel1-mingw-w64-x86_64-arm-none-eabi/bin/../lib/gcc/arm-none-eabi/14.3.1\libgcc.a(_arm_muldivdf3.o)
 .debug_frame   0x0000181c       0xc4 C:/Users/lapto/Downloads/arm-gnu-toolchain-14.3.rel1-mingw-w64-x86_64-arm-none-eabi/bin/../lib/gcc/arm-none-eabi/14.3.1\libgcc.a(_arm_cmpdf2.o)
 .debug_frame   0x000018e0       0x20 C:/Users/lapto/Downloads/arm-gnu-toolchain-14.3.rel1-mingw-w64-x86_64-arm-none-eabi/bin/../lib/gcc/arm-none-eabi/14.3.1\libgcc.a(_arm_unorddf2.o)
 .debug_frame   0x00001900       0x24 C:/Users/lapto/Downloads/arm-gnu-toolchain-14.3.rel1-mingw-w64-x86_64-arm-none-eabi/bin/../lib/gcc/arm-none-eabi/14.3.1\libgcc.a(_arm_fixdfsi.o)
 .debug_frame   0x00001924       0x24 C:/Users/lapto/Downloads/arm-gnu-toolchain-14.3.rel1-mingw-w64-x86_64-arm-none-eabi/bin/../lib/gcc/arm-none-eabi/14.3.1\libgcc.a(_arm_fixunsdfsi.o)
 .debug_frame   0x00001948       0x24 C:/Users/lapto/Downloads/arm-gnu-toolchain-14.3.rel1-mingw-w64-x86_64-arm-none-eabi/bin/../lib/gcc/arm-none-eabi/14.3.1\libgcc.a(_arm_truncdfsf2.o)
 .debug_frame   0x0000196c       0x3c C:/Users/lapto/Downloads/arm-gnu-toolchain-14.3.rel1-mingw-w64-x86_64-arm-none-eabi/bin/../lib/gcc/arm-none-eabi/14.3.1\libgcc.a(_fixdfdi.o)
 .debug_frame   0x000019a8       0x34 C:/Users/lapto/Downloads/arm-gnu-toolchain-14.3.rel1-mingw-w64-x86_64-arm-none-eabi/bin/../lib/gcc/arm-none-eabi/14.3.1\libgcc.a(_fixunsdfdi.o)

.debug_line_str
                0x00000000      0x1d6
 .debug_line_str
                0x00000000       0x38 C:\msys64\tmp\cc9NuyGj.debug.temp.o
 .debug_line_str
                0x00000000      0x1d6 C:/Users/lapto/Downloads/arm-gnu-toolchain-14.3.rel1-mingw-w64-x86_64-arm-none-eabi/bin/../lib/gcc/arm-none-eabi/14.3.1/../../../../arm-none-eabi/lib\libc_nano.a(libc_a-strlen.o)
                                 0xdb (size before relaxing)
 .debug_line_str
                0x000001d6       0xbd C:/Users/lapto/Downloads/arm-gnu-toolchain-14.3.rel1-mingw-w64-x86_64-arm-none-eabi/bin/../lib/gcc/arm-none-eabi/14.3.1\libgcc.a(_udivsi3.o)
 .debug_line_str
                0x000001d6       0xbd C:/Users/lapto/Downloads/arm-gnu-toolchain-14.3.rel1-mingw-w64-x86_64-arm-none-eabi/bin/../lib/gcc/arm-none-eabi/14.3.1\libgcc.a(_divsi3.o)
 .debug_line_str
                0x000001d6       0xbd C:/Users/lapto/Downloads/arm-gnu-toolchain-14.3.rel1-mingw-w64-x86_64-arm-none-eabi/bin/../lib/gcc/arm-none-eabi/14.3.1\libgcc.a(_dvmd_tls.o)
 .debug_line_str
                0x000001d6       0xbe C:/Users/lapto/Downloads/arm-gnu-toolchain-14.3.rel1-mingw-w64-x86_64-arm-none-eabi/bin/../lib/gcc/arm-none-eabi/14.3.1\libgcc.a(_arm_addsubdf3.o)
 .debug_line_str
                0x000001d6       0xbe C:/Users/lapto/Downloads/arm-gnu-toolchain-14.3.rel1-mingw-w64-x86_64-arm-none-eabi/bin/../lib/gcc/arm-none-eabi/14.3.1\libgcc.a(_arm_muldivdf3.o)
 .debug_line_str
                0x000001d6       0xbe C:/Users/lapto/Downloads/arm-gnu-toolchain-14.3.rel1-mingw-w64-x86_64-arm-none-eabi/bin/../lib/gcc/arm-none-eabi/14.3.1\libgcc.a(_arm_cmpdf2.o)
 .debug_line_str
                0x000001d6       0xbe C:/Users/lapto/Downloads/arm-gnu-toolchain-14.3.rel1-mingw-w64-x86_64-arm-none-eabi/bin/../lib/gcc/arm-none-eabi/14.3.1\libgcc.a(_arm_unorddf2.o)
 .debug_line_str
                0x000001d6       0xbe C:/Users/lapto/Downloads/arm-gnu-toolchain-14.3.rel1-mingw-w64-x86_64-arm-none-eabi/bin/../lib/gcc/arm-none-eabi/14.3.1\libgcc.a(_arm_fixdfsi.o)
 .debug_line_str
                0x000001d6       0xbe C:/Users/lapto/Downloads/arm-gnu-toolchain-14.3.rel1-mingw-w64-x86_64-arm-none-eabi/bin/../lib/gcc/arm-none-eabi/14.3.1\libgcc.a(_arm_fixunsdfsi.o)
 .debug_line_str
                0x000001d6       0xbe C:/Users/lapto/Downloads/arm-gnu-toolchain-14.3.rel1-mingw-w64-x86_64-arm-none-eabi/bin/../lib/gcc/arm-none-eabi/14.3.1\libgcc.a(_arm_truncdfsf2.o)
